Archive member included because of file (symbol)

contiki-z1.a(contiki-z1-plat)
                              obj_z1/contiki-z1-main.o (init_platform)
contiki-z1.a(msp430.o)        obj_z1/contiki-z1-main.o (splhigh_)
contiki-z1.a(leds.o)          obj_z1/contiki-z1-main.o (leds_init)
contiki-z1.a(watchdog.o)      obj_z1/contiki-z1-main.o (watchdog_start)
contiki-z1.a(xmem.o)          obj_z1/contiki-z1-main.o (xmem_init)
contiki-z1.a(spi.o)           contiki-z1.a(xmem.o) (spi_init)
contiki-z1.a(cc2420.o)        obj_z1/contiki-z1-main.o (cc2420_set_pan_addr)
contiki-z1.a(cc2420-arch.o)   contiki-z1.a(cc2420.o) (cc2420_arch_init)
contiki-z1.a(node-id.o)       obj_z1/contiki-z1-main.o (node_id_restore)
contiki-z1.a(sensors.o)       20200920-updated-malicious-client.co (sensors_event)
contiki-z1.a(button-sensor.o)
                              20200920-updated-malicious-client.co (button_sensor)
contiki-z1.a(uart0.o)         obj_z1/contiki-z1-main.o (uart0_active)
contiki-z1.a(uart0-putchar.o)
                              20200920-updated-malicious-client.co (putchar)
contiki-z1.a(z1-sensors.o)    contiki-z1.a(sensors.o) (sensors_flags)
contiki-z1.a(adxl345.o)       obj_z1/contiki-z1-main.o (adxl345)
contiki-z1.a(tmp102.o)        contiki-z1.a(z1-sensors.o) (tmp102)
contiki-z1.a(clock.o)         20200920-updated-malicious-client.co (clock_time)
contiki-z1.a(leds-arch.o)     contiki-z1.a(leds.o) (leds_arch_init)
contiki-z1.a(rtimer-arch.o)   obj_z1/contiki-z1-main.o (rtimer_arch_now)
contiki-z1.a(ctimer.o)        obj_z1/contiki-z1-main.o (ctimer_init)
contiki-z1.a(autostart.o)     obj_z1/contiki-z1-main.o (autostart_start)
contiki-z1.a(energest.o)      obj_z1/contiki-z1-main.o (energest_init)
contiki-z1.a(etimer.o)        contiki-z1.a(clock.o) (etimer_request_poll)
contiki-z1.a(process.o)       20200920-updated-malicious-client.co (process_current)
contiki-z1.a(rtimer.o)        obj_z1/contiki-z1-main.o (rtimer_init)
contiki-z1.a(timer.o)         contiki-z1.a(button-sensor.o) (timer_set)
contiki-z1.a(list.o)          contiki-z1.a(ctimer.o) (list_init)
contiki-z1.a(random.o)        obj_z1/contiki-z1-main.o (random_init)
contiki-z1.a(uip-icmp6.o)     20200920-updated-malicious-client.co (uip_icmp6_register_input_handler)
contiki-z1.a(uip-ds6.o)       20200920-updated-malicious-client.co (uip_ds6_addr_lookup)
contiki-z1.a(uip-ds6-route.o)
                              contiki-z1.a(uip-ds6.o) (uip_ds6_route_init)
contiki-z1.a(uip6.o)          20200920-updated-malicious-client.co (uip_aligned_buf)
contiki-z1.a(uip-ds6-nbr.o)   20200920-updated-malicious-client.co (ds6_neighbors)
contiki-z1.a(uip-nd6.o)       contiki-z1.a(uip6.o) (uip_nd6_init)
contiki-z1.a(sicslowpan.o)    obj_z1/contiki-z1-main.o (sicslowpan_driver)
contiki-z1.a(uip-udp-packet.)
                              20200920-updated-malicious-client.co (uip_udp_packet_sendto)
contiki-z1.a(tcpip.o)         contiki-z1.a(sicslowpan.o) (tcpip_set_outputfunc)
contiki-z1.a(uip-debug.o)     contiki-z1.a(uip-ds6-route.o) (uip_debug_ipaddr_print)
contiki-z1.a(rpl-timers.o)    20200920-updated-malicious-client.co (rpl_reset_dio_timer)
contiki-z1.a(rpl-ext-header.)
                              contiki-z1.a(uip6.o) (rpl_verify_hbh_header)
contiki-z1.a(rpl.o)           20200920-updated-malicious-client.co (rpl_get_mode)
contiki-z1.a(rpl-mrhof.o)     20200920-updated-malicious-client.co (rpl_mrhof)
contiki-z1.a(queuebuf.o)      obj_z1/contiki-z1-main.o (queuebuf_init)
contiki-z1.a(nbr-table.o)     20200920-updated-malicious-client.co (nbr_table_register)
contiki-z1.a(packetbuf.o)     contiki-z1.a(cc2420.o) (packetbuf_set_datalen)
contiki-z1.a(linkaddr.o)      obj_z1/contiki-z1-main.o (linkaddr_copy)
contiki-z1.a(link-stats.o)    20200920-updated-malicious-client.co (link_stats_from_lladdr)
contiki-z1.a(framer-802154.o)
                              contiki-z1.a(sicslowpan.o) (framer_802154)
contiki-z1.a(csma.o)          20200920-updated-malicious-client.co (csma_driver)
contiki-z1.a(frame802154.o)   contiki-z1.a(framer-802154.o) (frame802154_get_pan_id)
contiki-z1.a(mac.o)           contiki-z1.a(csma.o) (mac_call_sent_callback)
contiki-z1.a(nullrdc.o)       obj_z1/contiki-z1-main.o (nullrdc_driver)
contiki-z1.a(nullsec.o)       obj_z1/contiki-z1-main.o (nullsec_driver)
contiki-z1.a(i2cmaster.o)     contiki-z1.a(adxl345.o) (i2c_receiveinit)
contiki-z1.a(stimer.o)        contiki-z1.a(uip-ds6.o) (stimer_set)
contiki-z1.a(memb.o)          contiki-z1.a(uip-ds6-route.o) (memb_init)
contiki-z1.a(rpl-nbr-policy.)
                              contiki-z1.a(nbr-table.o) (rpl_nbr_policy_find_removable)
contiki-z1.a(mac-sequence.o)  contiki-z1.a(nullrdc.o) (mac_sequence_is_duplicate)
/opt/msp430-47-expr/bin/../lib/gcc/msp430/4.7.0/mcpu-430x/mmpy-16/msr20/mc20/libgcc.a(_mulsi3.o)
                              contiki-z1.a(rpl-timers.o) (__mulsi3)
/opt/msp430-47-expr/bin/../lib/gcc/msp430/4.7.0/mcpu-430x/mmpy-16/msr20/mc20/libgcc.a(_udivmod16.o)
[...]
Memory Configuration

Name             Origin             Length             Attributes
sfr              0x0000000000000000 0x0000000000000010
peripheral_8bit  0x0000000000000010 0x00000000000000f0
peripheral_16bit 0x0000000000000100 0x0000000000000100
ram_mirror       0x0000000000000200 0x0000000000000800 xw
infomem          0x0000000000001000 0x0000000000000100
infod            0x0000000000001000 0x0000000000000040
infoc            0x0000000000001040 0x0000000000000040
infob            0x0000000000001080 0x0000000000000040
infoa            0x00000000000010c0 0x0000000000000040
ram              0x0000000000001100 0x0000000000002000 xw
rom              0x0000000000003100 0x000000000000cebe xr
vectors          0x000000000000ffc0 0x0000000000000040
far_rom          0x0000000000010000 0x000000000000a000
bsl              0x0000000000000000 0x0000000000000000
ram2             0x0000000000000000 0x0000000000000000 xw
usbram           0x0000000000000000 0x0000000000000000 xw
*default*        0x0000000000000000 0xffffffffffffffff

Linker script and memory map

LOAD /opt/msp430-47-expr/bin/../lib/gcc/msp430/4.7.0/mcpu-430x/mmpy-16/msr20/mc20/crt0ivtbl32.o
                0x0000000000000041                __P1SEL2 = 0x41
                0x0000000000000045                __P5SEL2 = 0x45
LOAD 20200920-updated-malicious-client.co
LOAD obj_z1/contiki-z1-main.o
LOAD contiki-z1.a
LOAD /opt/msp430-47-expr/bin/../lib/gcc/msp430/4.7.0/mcpu-430x/mmpy-16/msr20/mc20/libgcc.a
LOAD /opt/msp430-47-expr/bin/../lib/gcc/msp430/4.7.0/../../../../msp430/lib/mcpu-430x/mmpy-16/msr20/mc20/libc.a
LOAD /opt/msp430-47-expr/bin/../lib/gcc/msp430/4.7.0/mcpu-430x/mmpy-16/msr20/mc20/libgcc.a
LOAD /opt/msp430-47-expr/bin/../lib/gcc/msp430/4.7.0/mcpu-430x/mmpy-16/msr20/mc20/libcrt0.a
                0x0000000000000040                PROVIDE (__info_segment_size, 0x40)
                0x0000000000001000                PROVIDE (__infod, 0x1000)
                0x0000000000001040                PROVIDE (__infoc, 0x1040)
                0x0000000000001080                PROVIDE (__infob, 0x1080)
                0x00000000000010c0                PROVIDE (__infoa, 0x10c0)
                0x0000000000000000                __IE1 = 0x0
                0x0000000000000002                __IFG1 = 0x2
                0x0000000000000001                __IE2 = 0x1
                0x0000000000000003                __IFG2 = 0x3
                0x0000000000000006                __UC1IE = 0x6
                0x0000000000000007                __UC1IFG = 0x7
                0x00000000000001a0                __ADC12CTL0 = 0x1a0
                0x00000000000001a2                __ADC12CTL1 = 0x1a2
                0x00000000000001a4                __ADC12IFG = 0x1a4
                0x00000000000001a6                __ADC12IE = 0x1a6
                0x00000000000001a8                __ADC12IV = 0x1a8
                0x0000000000000140                __ADC12MEM0 = 0x140
                0x0000000000000142                __ADC12MEM1 = 0x142
                0x0000000000000144                __ADC12MEM2 = 0x144
                0x0000000000000146                __ADC12MEM3 = 0x146
                0x0000000000000148                __ADC12MEM4 = 0x148
                0x000000000000014a                __ADC12MEM5 = 0x14a
                0x000000000000014c                __ADC12MEM6 = 0x14c
                0x000000000000014e                __ADC12MEM7 = 0x14e
                0x0000000000000150                __ADC12MEM8 = 0x150
                0x0000000000000152                __ADC12MEM9 = 0x152
                0x0000000000000154                __ADC12MEM10 = 0x154
                0x0000000000000156                __ADC12MEM11 = 0x156
                0x0000000000000158                __ADC12MEM12 = 0x158
                0x000000000000015a                __ADC12MEM13 = 0x15a
                0x000000000000015c                __ADC12MEM14 = 0x15c
                0x000000000000015e                __ADC12MEM15 = 0x15e
                0x0000000000000080                __ADC12MCTL0 = 0x80
                0x0000000000000081                __ADC12MCTL1 = 0x81
                0x0000000000000082                __ADC12MCTL2 = 0x82
                0x0000000000000083                __ADC12MCTL3 = 0x83
                0x0000000000000084                __ADC12MCTL4 = 0x84
                0x0000000000000085                __ADC12MCTL5 = 0x85
                0x0000000000000086                __ADC12MCTL6 = 0x86
                0x0000000000000087                __ADC12MCTL7 = 0x87
                0x0000000000000088                __ADC12MCTL8 = 0x88
                0x0000000000000089                __ADC12MCTL9 = 0x89
                0x000000000000008a                __ADC12MCTL10 = 0x8a
                0x000000000000008b                __ADC12MCTL11 = 0x8b
                0x000000000000008c                __ADC12MCTL12 = 0x8c
                0x000000000000008d                __ADC12MCTL13 = 0x8d
                0x000000000000008e                __ADC12MCTL14 = 0x8e
                0x000000000000008f                __ADC12MCTL15 = 0x8f
                0x0000000000000056                __DCOCTL = 0x56
                0x0000000000000057                __BCSCTL1 = 0x57
                0x0000000000000058                __BCSCTL2 = 0x58
                0x0000000000000053                __BCSCTL3 = 0x53
                0x0000000000000059                __CACTL1 = 0x59
                0x000000000000005a                __CACTL2 = 0x5a
                0x000000000000005b                __CAPD = 0x5b
                0x00000000000001c0                __DAC12_0CTL = 0x1c0
                0x00000000000001c2                __DAC12_1CTL = 0x1c2
                0x00000000000001c8                __DAC12_0DAT = 0x1c8
                0x00000000000001ca                __DAC12_1DAT = 0x1ca
                0x0000000000000122                __DMACTL0 = 0x122
                0x0000000000000124                __DMACTL1 = 0x124
                0x0000000000000126                __DMAIV = 0x126
                0x00000000000001d0                __DMA0CTL = 0x1d0
                0x00000000000001dc                __DMA1CTL = 0x1dc
                0x00000000000001e8                __DMA2CTL = 0x1e8
                0x00000000000001d2                __DMA0SA = 0x1d2
                0x00000000000001d2                __DMA0SAL = 0x1d2
                0x00000000000001d6                __DMA0DA = 0x1d6
                0x00000000000001d6                __DMA0DAL = 0x1d6
                0x00000000000001da                __DMA0SZ = 0x1da
                0x00000000000001de                __DMA1SA = 0x1de
                0x00000000000001de                __DMA1SAL = 0x1de
                0x00000000000001e2                __DMA1DA = 0x1e2
                0x00000000000001e2                __DMA1DAL = 0x1e2
                0x00000000000001e6                __DMA1SZ = 0x1e6
                0x00000000000001ea                __DMA2SA = 0x1ea
                0x00000000000001ea                __DMA2SAL = 0x1ea
                0x00000000000001ee                __DMA2DA = 0x1ee
                0x00000000000001ee                __DMA2DAL = 0x1ee
                0x00000000000001f2                __DMA2SZ = 0x1f2
                0x0000000000000128                __FCTL1 = 0x128
                0x000000000000012a                __FCTL2 = 0x12a
                0x000000000000012c                __FCTL3 = 0x12c
                0x00000000000001be                __FCTL4 = 0x1be
                0x0000000000000130                __MPY = 0x130
                0x0000000000000132                __MPYS = 0x132
                0x0000000000000134                __MAC = 0x134
                0x0000000000000136                __MACS = 0x136
                0x0000000000000138                __OP2 = 0x138
                0x000000000000013a                __RESLO = 0x13a
                0x000000000000013c                __RESHI = 0x13c
                0x000000000000013e                __SUMEXT = 0x13e
                0x0000000000000020                __P1IN = 0x20
                0x0000000000000021                __P1OUT = 0x21
                0x0000000000000022                __P1DIR = 0x22
                0x0000000000000023                __P1IFG = 0x23
                0x0000000000000024                __P1IES = 0x24
                0x0000000000000025                __P1IE = 0x25
                0x0000000000000026                __P1SEL = 0x26
                0x0000000000000027                __P1REN = 0x27
                0x0000000000000028                __P2IN = 0x28
                0x0000000000000029                __P2OUT = 0x29
                0x000000000000002a                __P2DIR = 0x2a
                0x000000000000002b                __P2IFG = 0x2b
                0x000000000000002c                __P2IES = 0x2c
                0x000000000000002d                __P2IE = 0x2d
                0x000000000000002e                __P2SEL = 0x2e
                0x000000000000002f                __P2REN = 0x2f
                0x0000000000000018                __P3IN = 0x18
                0x0000000000000019                __P3OUT = 0x19
                0x000000000000001a                __P3DIR = 0x1a
                0x000000000000001b                __P3SEL = 0x1b
                0x0000000000000010                __P3REN = 0x10
                0x000000000000001c                __P4IN = 0x1c
                0x000000000000001d                __P4OUT = 0x1d
                0x000000000000001e                __P4DIR = 0x1e
                0x000000000000001f                __P4SEL = 0x1f
                0x0000000000000011                __P4REN = 0x11
                0x0000000000000030                __P5IN = 0x30
                0x0000000000000031                __P5OUT = 0x31
                0x0000000000000032                __P5DIR = 0x32
                0x0000000000000033                __P5SEL = 0x33
                0x0000000000000012                __P5REN = 0x12
                0x0000000000000034                __P6IN = 0x34
                0x0000000000000035                __P6OUT = 0x35
                0x0000000000000036                __P6DIR = 0x36
                0x0000000000000037                __P6SEL = 0x37
                0x0000000000000013                __P6REN = 0x13
                0x0000000000000038                __P7IN = 0x38
                0x000000000000003a                __P7OUT = 0x3a
                0x000000000000003c                __P7DIR = 0x3c
                0x000000000000003e                __P7SEL = 0x3e
                0x0000000000000014                __P7REN = 0x14
                0x0000000000000039                __P8IN = 0x39
                0x000000000000003b                __P8OUT = 0x3b
                0x000000000000003d                __P8DIR = 0x3d
                0x000000000000003f                __P8SEL = 0x3f
                0x0000000000000015                __P8REN = 0x15
                0x0000000000000038                __PAIN = 0x38
                0x000000000000003a                __PAOUT = 0x3a
                0x000000000000003c                __PADIR = 0x3c
                0x000000000000003e                __PASEL = 0x3e
                0x0000000000000014                __PAREN = 0x14
                0x0000000000000055                __SVSCTL = 0x55
                0x000000000000012e                __TAIV = 0x12e
                0x0000000000000160                __TACTL = 0x160
                0x0000000000000162                __TACCTL0 = 0x162
                0x0000000000000164                __TACCTL1 = 0x164
                0x0000000000000166                __TACCTL2 = 0x166
                0x0000000000000170                __TAR = 0x170
                0x0000000000000172                __TACCR0 = 0x172
                0x0000000000000174                __TACCR1 = 0x174
                0x0000000000000176                __TACCR2 = 0x176
                0x000000000000011e                __TBIV = 0x11e
                0x0000000000000180                __TBCTL = 0x180
                0x0000000000000182                __TBCCTL0 = 0x182
                0x0000000000000184                __TBCCTL1 = 0x184
                0x0000000000000186                __TBCCTL2 = 0x186
                0x0000000000000188                __TBCCTL3 = 0x188
                0x000000000000018a                __TBCCTL4 = 0x18a
                0x000000000000018c                __TBCCTL5 = 0x18c
                0x000000000000018e                __TBCCTL6 = 0x18e
                0x0000000000000190                __TBR = 0x190
                0x0000000000000192                __TBCCR0 = 0x192
                0x0000000000000194                __TBCCR1 = 0x194
                0x0000000000000196                __TBCCR2 = 0x196
                0x0000000000000198                __TBCCR3 = 0x198
                0x000000000000019a                __TBCCR4 = 0x19a
                0x000000000000019c                __TBCCR5 = 0x19c
                0x000000000000019e                __TBCCR6 = 0x19e
                0x0000000000000060                __UCA0CTL0 = 0x60
                0x0000000000000061                __UCA0CTL1 = 0x61
                0x0000000000000062                __UCA0BR0 = 0x62
                0x0000000000000063                __UCA0BR1 = 0x63
                0x0000000000000064                __UCA0MCTL = 0x64
                0x0000000000000065                __UCA0STAT = 0x65
                0x0000000000000066                __UCA0RXBUF = 0x66
                0x0000000000000067                __UCA0TXBUF = 0x67
                0x000000000000005d                __UCA0ABCTL = 0x5d
                0x000000000000005e                __UCA0IRTCTL = 0x5e
                0x000000000000005f                __UCA0IRRCTL = 0x5f
                0x0000000000000068                __UCB0CTL0 = 0x68
                0x0000000000000069                __UCB0CTL1 = 0x69
                0x000000000000006a                __UCB0BR0 = 0x6a
                0x000000000000006b                __UCB0BR1 = 0x6b
                0x000000000000006c                __UCB0I2CIE = 0x6c
                0x000000000000006d                __UCB0STAT = 0x6d
                0x000000000000006e                __UCB0RXBUF = 0x6e
                0x000000000000006f                __UCB0TXBUF = 0x6f
                0x0000000000000118                __UCB0I2COA = 0x118
                0x000000000000011a                __UCB0I2CSA = 0x11a
                0x00000000000000d0                __UCA1CTL0 = 0xd0
                0x00000000000000d1                __UCA1CTL1 = 0xd1
                0x00000000000000d2                __UCA1BR0 = 0xd2
                0x00000000000000d3                __UCA1BR1 = 0xd3
                0x00000000000000d4                __UCA1MCTL = 0xd4
                0x00000000000000d5                __UCA1STAT = 0xd5
                0x00000000000000d6                __UCA1RXBUF = 0xd6
                0x00000000000000d7                __UCA1TXBUF = 0xd7
                0x00000000000000cd                __UCA1ABCTL = 0xcd
                0x00000000000000ce                __UCA1IRTCTL = 0xce
                0x00000000000000cf                __UCA1IRRCTL = 0xcf
                0x00000000000000d8                __UCB1CTL0 = 0xd8
                0x00000000000000d9                __UCB1CTL1 = 0xd9
                0x00000000000000da                __UCB1BR0 = 0xda
                0x00000000000000db                __UCB1BR1 = 0xdb
                0x00000000000000dc                __UCB1I2CIE = 0xdc
                0x00000000000000dd                __UCB1STAT = 0xdd
                0x00000000000000de                __UCB1RXBUF = 0xde
                0x00000000000000df                __UCB1TXBUF = 0xdf
                0x000000000000017c                __UCB1I2COA = 0x17c
                0x000000000000017e                __UCB1I2CSA = 0x17e
                0x0000000000000120                __WDTCTL = 0x120
                0x00000000000010c0                __TLV_CHECKSUM = 0x10c0
                0x00000000000010f6                __TLV_DCO_30_TAG = 0x10f6
                0x00000000000010f7                __TLV_DCO_30_LEN = 0x10f7
                0x00000000000010da                __TLV_ADC12_1_TAG = 0x10da
                0x00000000000010db                __TLV_ADC12_1_LEN = 0x10db
                0x00000000000010f8                __CALDCO_16MHZ = 0x10f8
                0x00000000000010f9                __CALBC1_16MHZ = 0x10f9
                0x00000000000010fa                __CALDCO_12MHZ = 0x10fa
                0x00000000000010fb                __CALBC1_12MHZ = 0x10fb
                0x00000000000010fc                __CALDCO_8MHZ = 0x10fc
                0x00000000000010fd                __CALBC1_8MHZ = 0x10fd
                0x00000000000010fe                __CALDCO_1MHZ = 0x10fe
                0x00000000000010ff                __CALBC1_1MHZ = 0x10ff

.hash
 *(.hash)

.dynsym
 *(.dynsym)

.dynstr
 *(.dynstr)

.gnu.version
 *(.gnu.version)

.gnu.version_d
 *(.gnu.version_d)

.gnu.version_r
 *(.gnu.version_r)

.rel.init
 *(.rel.init)

.rela.init
 *(.rela.init)

.rel.fini
 *(.rel.fini)

.rela.fini
 *(.rela.fini)

.rel.text
 *(.rel.text .rel.text.* .rel.gnu.linkonce.t.*)

.rela.text
 *(.rela.text .rela.text.* .rela.gnu.linkonce.t.*)

.rel.rodata
 *(.rel.rodata .rel.rodata.* .rel.gnu.linkonce.r.*)

.rela.rodata
 *(.rela.rodata .rela.rodata.* .rela.gnu.linkonce.r.*)

.rel.data
 *(.rel.data .rel.data.* .rel.gnu.linkonce.d.*)

.rela.data
 *(.rela.data .rela.data.* .rela.gnu.linkonce.d.*)

.rel.bss
 *(.rel.bss .rel.bss.* .rel.gnu.linkonce.b.*)

.rela.bss
 *(.rela.bss .rela.bss.* .rela.gnu.linkonce.b.*)

.rel.ctors
 *(.rel.ctors)

.rela.ctors
 *(.rela.ctors)

.rel.dtors
 *(.rel.dtors)

.rela.dtors
 *(.rela.dtors)

.rel.got
 *(.rel.got)

.rela.got
 *(.rela.got)

.rel.plt
 *(.rel.plt)

.rela.plt
 *(.rela.plt)

.text           0x0000000000003100     0xb140
                0x0000000000003100                . = ALIGN (0x2)
 *(.init .init.*)
 *(.init0)
 .init0         0x0000000000003100        0x0 /opt/msp430-47-expr/bin/../lib/gcc/msp430/4.7.0/mcpu-430x/mmpy-16/msr20/mc20/libcrt0.a(_reset_vector__.o)
                0x0000000000003100                _reset_vector__
 *(.init1)
 .init1         0x0000000000003100        0xc /opt/msp430-47-expr/bin/../lib/gcc/msp430/4.7.0/mcpu-430x/mmpy-16/msr20/mc20/libcrt0.a(__watchdog_support.o)
                0x0000000000003100                __watchdog_support
 *(.init2)
 .init2         0x000000000000310c        0x4 /opt/msp430-47-expr/bin/../lib/gcc/msp430/4.7.0/mcpu-430x/mmpy-16/msr20/mc20/libcrt0.a(__init_stack.o)
                0x000000000000310c                __init_stack
 *(.init3)
 .init3         0x0000000000003110        0x0 /opt/msp430-47-expr/bin/../lib/gcc/msp430/4.7.0/mcpu-430x/mmpy-16/msr20/mc20/libcrt0.a(__low_level_init.o)
                0x0000000000003110                __low_level_init
 *(.init4)
 .init4         0x0000000000003110       0x18 /opt/msp430-47-expr/bin/../lib/gcc/msp430/4.7.0/mcpu-430x/mmpy-16/msr20/mc20/libcrt0.a(_copy_data.o)
                0x0000000000003110                __do_copy_data
 .init4         0x0000000000003128       0x16 /opt/msp430-47-expr/bin/../lib/gcc/msp430/4.7.0/mcpu-430x/mmpy-16/msr20/mc20/libcrt0.a(_clear_bss.o)
                0x0000000000003128                __do_clear_bss
 *(.init5)
 *(.init6)
 *(.init7)
 *(.init8)
 *(.init9)
 .init9         0x000000000000313e      0x350 obj_z1/contiki-z1-main.o
                0x000000000000313e                main
 *(.fini9)
 .fini9         0x000000000000348e        0x0 /opt/msp430-47-expr/bin/../lib/gcc/msp430/4.7.0/mcpu-430x/mmpy-16/msr20/mc20/libcrt0.a(__stop_progExec__.o)
                0x000000000000348e                __stop_progExec__
 *(.fini8)
 *(.fini7)
 *(.fini6)
 *(.fini5)
 *(.fini4)
 *(.fini3)
 *(.fini2)
 *(.fini1)
 *(.fini0)
 .fini0         0x000000000000348e        0x6 /opt/msp430-47-expr/bin/../lib/gcc/msp430/4.7.0/mcpu-430x/mmpy-16/msr20/mc20/libcrt0.a(_endless_loop__.o)
                0x000000000000348e                _endless_loop__
 *(.fini .fini.*)
                0x0000000000003494                . = ALIGN (0x2)
                0x0000000000003494                __ctors_start = .
 *(.ctors)
                0x0000000000003494                __ctors_end = .
                0x0000000000003494                __dtors_start = .
 *(.dtors)
                0x0000000000003494                __dtors_end = .
                0x0000000000003494                . = ALIGN (0x2)
 *(.text .text.* .gnu.linkonce.t.*)
 .text          0x0000000000003494        0x4 /opt/msp430-47-expr/bin/../lib/gcc/msp430/4.7.0/mcpu-430x/mmpy-16/msr20/mc20/crt0ivtbl32.o
                0x0000000000003494                __isr_14
                0x0000000000003494                __isr_4
                0x0000000000003494                __isr_29
                0x0000000000003494                __isr_11
                0x0000000000003494                __isr_5
                0x0000000000003494                __isr_2
                0x0000000000003494                __isr_10
                0x0000000000003494                __isr_7
                0x0000000000003494                __isr_0
                0x0000000000003494                __isr_28
                0x0000000000003494                __isr_8
                0x0000000000003494                __isr_20
                0x0000000000003494                __isr_3
                0x0000000000003494                __isr_12
                0x0000000000003494                __isr_13
                0x0000000000003494                __isr_27
                0x0000000000003494                __isr_9
                0x0000000000003494                __isr_30
                0x0000000000003494                __isr_6
                0x0000000000003494                __isr_22
                0x0000000000003494                __isr_1
                0x0000000000003494                __isr_15
                0x0000000000003494                __isr_21
 .text.libgcc   0x0000000000003498       0x26 /opt/msp430-47-expr/bin/../lib/gcc/msp430/4.7.0/mcpu-430x/mmpy-16/msr20/mc20/libgcc.a(_mulsi3.o)
                0x0000000000003498                __mulsi3
 .text.libgcc   0x00000000000034be       0x22 /opt/msp430-47-expr/bin/../lib/gcc/msp430/4.7.0/mcpu-430x/mmpy-16/msr20/mc20/libgcc.a(_udivmod16.o)
                0x00000000000034be                __udivhi3
                0x00000000000034be                __ext_udivmod16
                0x00000000000034d8                __umodhi3
 .text.libgcc   0x00000000000034e0       0x3a /opt/msp430-47-expr/bin/../lib/gcc/msp430/4.7.0/mcpu-430x/mmpy-16/msr20/mc20/libgcc.a(_divmod16.o)
                0x00000000000034e0                __ext_divmod16
                0x00000000000034e0                __divhi3
                0x0000000000003512                __modhi3
 .text.libgcc   0x000000000000351a       0x38 /opt/msp430-47-expr/bin/../lib/gcc/msp430/4.7.0/mcpu-430x/mmpy-16/msr20/mc20/libgcc.a(_udivmod32.o)
                0x000000000000351a                __udivsi3
                0x000000000000351a                __ext_udivmod32
                0x0000000000003548                __umodsi3
 .text.libgcc   0x0000000000003552       0x4c /opt/msp430-47-expr/bin/../lib/gcc/msp430/4.7.0/mcpu-430x/mmpy-16/msr20/mc20/libgcc.a(_divmod32.o)
                0x0000000000003552                __ext_divmod32
                0x0000000000003552                __divsi3
                0x0000000000003594                __modsi3
 .text.libgcc   0x000000000000359e       0xbc /opt/msp430-47-expr/bin/../lib/gcc/msp430/4.7.0/mcpu-430x/mmpy-16/msr20/mc20/libgcc.a(_udivmod64.o)
                0x000000000000359e                __xabi_udivmod64
                0x00000000000035f0                __udivdi3
                0x000000000000360a                __umoddi3
                0x000000000000362c                __udivmoddi4
 .text.crt0     0x000000000000365a        0x2 /opt/msp430-47-expr/bin/../lib/gcc/msp430/4.7.0/mcpu-430x/mmpy-16/msr20/mc20/libcrt0.a(_unexpected_.o)
                0x000000000000365a                _unexpected_
 *(.near.text .near.text.*)
 .near.text.watchdog_interrupt
                0x000000000000365c        0x6 contiki-z1.a(watchdog.o)
                0x000000000000365c                __isr_26
                0x000000000000365c                watchdog_interrupt
 .near.text.irq_p2
                0x0000000000003662       0x76 contiki-z1.a(button-sensor.o)
                0x0000000000003662                irq_p2
                0x0000000000003662                __isr_19
 .near.text.uart0_rx_interrupt
                0x00000000000036d8       0x64 contiki-z1.a(uart0.o)
                0x00000000000036d8                __isr_23
                0x00000000000036d8                uart0_rx_interrupt
 .near.text.port1_isr
                0x000000000000373c       0xbe contiki-z1.a(adxl345.o)
                0x000000000000373c                port1_isr
                0x000000000000373c                __isr_18
 .near.text.timera1
                0x00000000000037fa      0x10a contiki-z1.a(clock.o)
                0x00000000000037fa                __isr_24
                0x00000000000037fa                timera1
 .near.text.timera0
                0x0000000000003904       0x5c contiki-z1.a(rtimer-arch.o)
                0x0000000000003904                __isr_25
                0x0000000000003904                timera0
 .near.text.i2c_tx_interrupt
                0x0000000000003960       0x84 contiki-z1.a(i2cmaster.o)
                0x0000000000003960                __isr_16
                0x0000000000003960                i2c_tx_interrupt
 .near.text.i2c_rx_interrupt
                0x00000000000039e4       0x14 contiki-z1.a(i2cmaster.o)
                0x00000000000039e4                i2c_rx_interrupt
                0x00000000000039e4                __isr_17
 .any.text.get32
                0x00000000000039f8       0x3e 20200920-updated-malicious-client.co
 .any.text.set32
                0x0000000000003a36       0x2a 20200920-updated-malicious-client.co
 .any.text.get16
                0x0000000000003a60        0xe 20200920-updated-malicious-client.co
 .any.text.set16
                0x0000000000003a6e       0x10 20200920-updated-malicious-client.co
 .any.text.dao_ack_input
                0x0000000000003a7e        0xa 20200920-updated-malicious-client.co
 .any.text.lollipop_greater_than
                0x0000000000003a88       0x3c 20200920-updated-malicious-client.co
 .any.text.process_thread_malicious_node_actions
                0x0000000000003ac4       0x6a 20200920-updated-malicious-client.co
 .any.text.send_packet
                0x0000000000003b2e       0x5a 20200920-updated-malicious-client.co
 .any.text.send_msg_to_sink
                0x0000000000003b88       0xb6 20200920-updated-malicious-client.co
 .any.text.find_parent_any_dag_any_instance
                0x0000000000003c3e       0x14 20200920-updated-malicious-client.co
 .any.text.rpl_set_preferred_parent
                0x0000000000003c52       0x2c 20200920-updated-malicious-client.co
 .any.text.set_ip_from_prefix
                0x0000000000003c7e       0x30 20200920-updated-malicious-client.co
 .any.text.check_prefix
                0x0000000000003cae       0x70 20200920-updated-malicious-client.co
 .any.text.rpl_icmp6_update_nbr_table
                0x0000000000003d1e       0x28 20200920-updated-malicious-client.co
                0x0000000000003d1e                rpl_icmp6_update_nbr_table
 .any.text.dis_output
                0x0000000000003d46       0x50 20200920-updated-malicious-client.co
                0x0000000000003d46                dis_output
 .any.text.dio_output
                0x0000000000003d96      0x276 20200920-updated-malicious-client.co
                0x0000000000003d96                dio_output
 .any.text.dis_input
                0x000000000000400c       0x3e 20200920-updated-malicious-client.co
 .any.text.rpl_icmp6_register_handlers
                0x000000000000404a       0x22 20200920-updated-malicious-client.co
                0x000000000000404a                rpl_icmp6_register_handlers
 .any.text.rpl_dag_init
                0x000000000000406c        0xe 20200920-updated-malicious-client.co
                0x000000000000406c                rpl_dag_init
 .any.text.rpl_get_parent
                0x000000000000407a        0xc 20200920-updated-malicious-client.co
                0x000000000000407a                rpl_get_parent
 .any.text.rpl_rank_via_parent
                0x0000000000004086       0x2a 20200920-updated-malicious-client.co
                0x0000000000004086                rpl_rank_via_parent
 .any.text.rpl_get_parent_lladdr
                0x00000000000040b0        0xc 20200920-updated-malicious-client.co
                0x00000000000040b0                rpl_get_parent_lladdr
 .any.text.rpl_get_parent_ipaddr
                0x00000000000040bc        0xa 20200920-updated-malicious-client.co
                0x00000000000040bc                rpl_get_parent_ipaddr
 .any.text.dao_output_target
                0x00000000000040c6       0xf6 20200920-updated-malicious-client.co
                0x00000000000040c6                dao_output_target
 .any.text.dao_output
                0x00000000000041bc       0xc2 20200920-updated-malicious-client.co
                0x00000000000041bc                dao_output
 .any.text.rpl_get_parent_link_stats
                0x000000000000427e        0xa 20200920-updated-malicious-client.co
                0x000000000000427e                rpl_get_parent_link_stats
 .any.text.rpl_parent_is_fresh
                0x0000000000004288        0xa 20200920-updated-malicious-client.co
                0x0000000000004288                rpl_parent_is_fresh
 .any.text.best_parent
                0x0000000000004292       0x72 20200920-updated-malicious-client.co
 .any.text.rpl_parent_is_reachable
                0x0000000000004304       0x4a 20200920-updated-malicious-client.co
                0x0000000000004304                rpl_parent_is_reachable
 .any.text.rpl_set_prefix
                0x000000000000434e       0x74 20200920-updated-malicious-client.co
                0x000000000000434e                rpl_set_prefix
 .any.text.rpl_set_default_route
                0x00000000000043c2       0x3a 20200920-updated-malicious-client.co
                0x00000000000043c2                rpl_set_default_route
 .any.text.rpl_alloc_instance
                0x00000000000043fc       0x34 20200920-updated-malicious-client.co
                0x00000000000043fc                rpl_alloc_instance
 .any.text.rpl_add_parent
                0x0000000000004430       0x3a 20200920-updated-malicious-client.co
                0x0000000000004430                rpl_add_parent
 .any.text.rpl_find_parent
                0x000000000000446a       0x1a 20200920-updated-malicious-client.co
                0x000000000000446a                rpl_find_parent
 .any.text.rpl_find_parent_any_dag
                0x0000000000004484       0x22 20200920-updated-malicious-client.co
                0x0000000000004484                rpl_find_parent_any_dag
 .any.text.rpl_select_parent
                0x00000000000044a6       0x62 20200920-updated-malicious-client.co
                0x00000000000044a6                rpl_select_parent
 .any.text.rpl_select_dag
                0x0000000000004508      0x192 20200920-updated-malicious-client.co
                0x0000000000004508                rpl_select_dag
 .any.text.rpl_nullify_parent
                0x000000000000469a       0x5c 20200920-updated-malicious-client.co
                0x000000000000469a                rpl_nullify_parent
 .any.text.rpl_remove_parent
                0x00000000000046f6       0x16 20200920-updated-malicious-client.co
                0x00000000000046f6                rpl_remove_parent
 .any.text.nbr_callback
                0x000000000000470c        0x6 20200920-updated-malicious-client.co
 .any.text.remove_parents.constprop.4
                0x0000000000004712       0x2c 20200920-updated-malicious-client.co
 .any.text.rpl_free_dag
                0x000000000000473e       0x42 20200920-updated-malicious-client.co
                0x000000000000473e                rpl_free_dag
 .any.text.rpl_move_parent
                0x0000000000004780       0x60 20200920-updated-malicious-client.co
                0x0000000000004780                rpl_move_parent
 .any.text.rpl_get_dag
                0x00000000000047e0       0x5c 20200920-updated-malicious-client.co
                0x00000000000047e0                rpl_get_dag
 .any.text.rpl_get_any_dag
                0x000000000000483c       0x16 20200920-updated-malicious-client.co
                0x000000000000483c                rpl_get_any_dag
 .any.text.rpl_get_instance
                0x0000000000004852       0x16 20200920-updated-malicious-client.co
                0x0000000000004852                rpl_get_instance
 .any.text.rpl_alloc_dag
                0x0000000000004868       0x60 20200920-updated-malicious-client.co
                0x0000000000004868                rpl_alloc_dag
 .any.text.rpl_repair_root
                0x00000000000048c8       0x4c 20200920-updated-malicious-client.co
                0x00000000000048c8                rpl_repair_root
 .any.text.dao_input
                0x0000000000004914      0x2be 20200920-updated-malicious-client.co
 .any.text.rpl_find_of
                0x0000000000004bd2       0x10 20200920-updated-malicious-client.co
                0x0000000000004bd2                rpl_find_of
 .any.text.rpl_join_instance
                0x0000000000004be2      0x142 20200920-updated-malicious-client.co
                0x0000000000004be2                rpl_join_instance
 .any.text.rpl_local_repair
                0x0000000000004d24       0x82 20200920-updated-malicious-client.co
                0x0000000000004d24                rpl_local_repair
 .any.text.rpl_process_parent_event
                0x0000000000004da6       0xa8 20200920-updated-malicious-client.co
                0x0000000000004da6                rpl_process_parent_event
 .any.text.rpl_recalculate_ranks
                0x0000000000004e4e       0x44 20200920-updated-malicious-client.co
                0x0000000000004e4e                rpl_recalculate_ranks
 .any.text.rpl_add_dag
                0x0000000000004e92      0x104 20200920-updated-malicious-client.co
                0x0000000000004e92                rpl_add_dag
 .any.text.rpl_process_dio
                0x0000000000004f96      0x32c 20200920-updated-malicious-client.co
                0x0000000000004f96                rpl_process_dio
 .any.text.dio_input
                0x00000000000052c2      0x280 20200920-updated-malicious-client.co
 .any.text.sendICMPStats
                0x0000000000005542       0x54 20200920-updated-malicious-client.co
                0x0000000000005542                sendICMPStats
 .any.text.process_thread_udp_client_process
                0x0000000000005596      0x5aa 20200920-updated-malicious-client.co
 .any.text.init_platform
                0x0000000000005b40        0xc contiki-z1.a(contiki-z1-plat)
                0x0000000000005b40                init_platform
 .any.text.msp430_init_dco
                0x0000000000005b4c       0x28 contiki-z1.a(msp430.o)
                0x0000000000005b4c                msp430_init_dco
 .any.text.splhigh_
                0x0000000000005b74        0x8 contiki-z1.a(msp430.o)
                0x0000000000005b74                splhigh_
 .any.text.msp430_sync_dco
                0x0000000000005b7c       0x6e contiki-z1.a(msp430.o)
                0x0000000000005b7c                msp430_sync_dco
 .any.text.msp430_cpu_init
                0x0000000000005bea       0x2e contiki-z1.a(msp430.o)
                0x0000000000005bea                msp430_cpu_init
 .any.text.show_leds
                0x0000000000005c18       0xe8 contiki-z1.a(leds.o)
 .any.text.leds_init
                0x0000000000005d00        0xa contiki-z1.a(leds.o)
                0x0000000000005d00                leds_init
 .any.text.leds_on
                0x0000000000005d0a        0xa contiki-z1.a(leds.o)
                0x0000000000005d0a                leds_on
 .any.text.leds_off
                0x0000000000005d14        0xe contiki-z1.a(leds.o)
                0x0000000000005d14                leds_off
 .any.text.watchdog_start
                0x0000000000005d22       0x14 contiki-z1.a(watchdog.o)
                0x0000000000005d22                watchdog_start
 .any.text.watchdog_periodic
                0x0000000000005d36       0x12 contiki-z1.a(watchdog.o)
                0x0000000000005d36                watchdog_periodic
 .any.text.watchdog_stop
                0x0000000000005d48       0x16 contiki-z1.a(watchdog.o)
                0x0000000000005d48                watchdog_stop
 .any.text.watchdog_init
                0x0000000000005d5e       0x12 contiki-z1.a(watchdog.o)
                0x0000000000005d5e                watchdog_init
 .any.text.wait_ready
                0x0000000000005d70       0x46 contiki-z1.a(xmem.o)
 .any.text.xmem_init
                0x0000000000005db6       0x1e contiki-z1.a(xmem.o)
                0x0000000000005db6                xmem_init
 .any.text.xmem_pread
                0x0000000000005dd4       0xc2 contiki-z1.a(xmem.o)
                0x0000000000005dd4                xmem_pread
 .any.text.spi_init
                0x0000000000005e96       0x32 contiki-z1.a(spi.o)
                0x0000000000005e96                spi_init
 .any.text.get_object
                0x0000000000005ec8        0x4 contiki-z1.a(cc2420.o)
 .any.text.set_object
                0x0000000000005ecc        0x4 contiki-z1.a(cc2420.o)
 .any.text.strobe
                0x0000000000005ed0       0x1a contiki-z1.a(cc2420.o)
 .any.text.getreg
                0x0000000000005eea       0x46 contiki-z1.a(cc2420.o)
 .any.text.setreg
                0x0000000000005f30       0x44 contiki-z1.a(cc2420.o)
 .any.text.write_ram
                0x0000000000005f74       0x72 contiki-z1.a(cc2420.o)
 .any.text.write_fifo_buf
                0x0000000000005fe6       0x38 contiki-z1.a(cc2420.o)
 .any.text.get_status
                0x000000000000601e       0x1e contiki-z1.a(cc2420.o)
 .any.text.set_txpower
                0x000000000000603c       0x24 contiki-z1.a(cc2420.o)
 .any.text.cc2420_receiving_packet
                0x0000000000006060        0xa contiki-z1.a(cc2420.o)
 .any.text.pending_packet
                0x000000000000606a        0xa contiki-z1.a(cc2420.o)
 .any.text.on   0x0000000000006074       0x26 contiki-z1.a(cc2420.o)
 .any.text.wait_for_transmission
                0x000000000000609a       0x22 contiki-z1.a(cc2420.o)
 .any.text.wait_for_status
                0x00000000000060bc       0x24 contiki-z1.a(cc2420.o)
 .any.text.getrxdata
                0x00000000000060e0       0x4c contiki-z1.a(cc2420.o)
 .any.text.flushrx
                0x000000000000612c       0x1a contiki-z1.a(cc2420.o)
 .any.text.off  0x0000000000006146       0x5a contiki-z1.a(cc2420.o)
 .any.text.RELEASE_LOCK
                0x00000000000061a0       0x28 contiki-z1.a(cc2420.o)
 .any.text.set_frame_filtering
                0x00000000000061c8       0x30 contiki-z1.a(cc2420.o)
 .any.text.set_auto_ack
                0x00000000000061f8       0x30 contiki-z1.a(cc2420.o)
 .any.text.set_poll_mode
                0x0000000000006228       0x2c contiki-z1.a(cc2420.o)
 .any.text.cc2420_prepare
                0x0000000000006254       0x38 contiki-z1.a(cc2420.o)
 .any.text.cc2420_on
                0x000000000000628c       0x22 contiki-z1.a(cc2420.o)
                0x000000000000628c                cc2420_on
 .any.text.cc2420_off
                0x00000000000062ae       0x30 contiki-z1.a(cc2420.o)
                0x00000000000062ae                cc2420_off
 .any.text.cc2420_cca
                0x00000000000062de       0x54 contiki-z1.a(cc2420.o)
 .any.text.cc2420_read
                0x0000000000006332       0xb8 contiki-z1.a(cc2420.o)
 .any.text.process_thread_cc2420_process
                0x00000000000063ea       0x5c contiki-z1.a(cc2420.o)
 .any.text.cc2420_set_channel
                0x0000000000006446       0x3a contiki-z1.a(cc2420.o)
                0x0000000000006446                cc2420_set_channel
 .any.text.cc2420_set_pan_addr
                0x0000000000006480       0x4c contiki-z1.a(cc2420.o)
                0x0000000000006480                cc2420_set_pan_addr
 .any.text.cc2420_interrupt
                0x00000000000064cc       0x16 contiki-z1.a(cc2420.o)
                0x00000000000064cc                cc2420_interrupt
 .any.text.cc2420_set_txpower
                0x00000000000064e2        0xe contiki-z1.a(cc2420.o)
                0x00000000000064e2                cc2420_set_txpower
 .any.text.cc2420_get_txpower
                0x00000000000064f0       0x1e contiki-z1.a(cc2420.o)
                0x00000000000064f0                cc2420_get_txpower
 .any.text.cc2420_transmit
                0x000000000000650e      0x10e contiki-z1.a(cc2420.o)
 .any.text.cc2420_send
                0x000000000000661c       0x12 contiki-z1.a(cc2420.o)
 .any.text.cc2420_rssi
                0x000000000000662e       0x48 contiki-z1.a(cc2420.o)
                0x000000000000662e                cc2420_rssi
 .any.text.get_value
                0x0000000000006676      0x104 contiki-z1.a(cc2420.o)
 .any.text.cc2420_set_cca_threshold
                0x000000000000677a       0x16 contiki-z1.a(cc2420.o)
                0x000000000000677a                cc2420_set_cca_threshold
 .any.text.set_value
                0x0000000000006790       0xb2 contiki-z1.a(cc2420.o)
 .any.text.cc2420_init
                0x0000000000006842       0xea contiki-z1.a(cc2420.o)
                0x0000000000006842                cc2420_init
 .any.text.cc2420_arch_init
                0x000000000000692c       0x1a contiki-z1.a(cc2420-arch.o)
                0x000000000000692c                cc2420_arch_init
 .any.text.node_id_restore
                0x0000000000006946       0x4c contiki-z1.a(node-id.o)
                0x0000000000006946                node_id_restore
 .any.text.process_thread_sensors_process
                0x0000000000006992       0xc2 contiki-z1.a(sensors.o)
 .any.text.sensors_changed
                0x0000000000006a54       0x2a contiki-z1.a(sensors.o)
                0x0000000000006a54                sensors_changed
 .any.text.status
                0x0000000000006a7e       0x18 contiki-z1.a(button-sensor.o)
 .any.text.value
                0x0000000000006a96       0x20 contiki-z1.a(button-sensor.o)
 .any.text.configure
                0x0000000000006ab6       0x4e contiki-z1.a(button-sensor.o)
 .any.text.uart0_active
                0x0000000000006b04        0xe contiki-z1.a(uart0.o)
                0x0000000000006b04                uart0_active
 .any.text.uart0_writeb
                0x0000000000006b12       0x16 contiki-z1.a(uart0.o)
                0x0000000000006b12                uart0_writeb
 .any.text.uart0_init
                0x0000000000006b28       0x4e contiki-z1.a(uart0.o)
                0x0000000000006b28                uart0_init
 .any.text.putchar
                0x0000000000006b76       0x10 contiki-z1.a(uart0-putchar.o)
                0x0000000000006b76                putchar
 .any.text.status
                0x0000000000006b86       0x12 contiki-z1.a(adxl345.o)
 .any.text.accm_write_reg
                0x0000000000006b98       0x2e contiki-z1.a(adxl345.o)
 .any.text.accm_write_stream
                0x0000000000006bc6       0x2a contiki-z1.a(adxl345.o)
 .any.text.accm_read_reg
                0x0000000000006bf0       0x54 contiki-z1.a(adxl345.o)
 .any.text.process_thread_accmeter_process
                0x0000000000006c44       0x56 contiki-z1.a(adxl345.o)
 .any.text.accm_read_axis.part.0
                0x0000000000006c9a       0x5a contiki-z1.a(adxl345.o)
 .any.text.value
                0x0000000000006cf4       0x1e contiki-z1.a(adxl345.o)
 .any.text.accm_init
                0x0000000000006d12       0x78 contiki-z1.a(adxl345.o)
                0x0000000000006d12                accm_init
 .any.text.accm_stop
                0x0000000000006d8a       0x32 contiki-z1.a(adxl345.o)
                0x0000000000006d8a                accm_stop
 .any.text.configure
                0x0000000000006dbc       0x26 contiki-z1.a(adxl345.o)
 .any.text.status
                0x0000000000006de2       0x12 contiki-z1.a(tmp102.o)
 .any.text.tmp102_init
                0x0000000000006df4       0x24 contiki-z1.a(tmp102.o)
                0x0000000000006df4                tmp102_init
 .any.text.tmp102_stop
                0x0000000000006e18        0xa contiki-z1.a(tmp102.o)
                0x0000000000006e18                tmp102_stop
 .any.text.configure
                0x0000000000006e22       0x26 contiki-z1.a(tmp102.o)
 .any.text.tmp102_read_reg
                0x0000000000006e48       0x5e contiki-z1.a(tmp102.o)
                0x0000000000006e48                tmp102_read_reg
 .any.text.tmp102_read_temp_x100
                0x0000000000006ea6       0x58 contiki-z1.a(tmp102.o)
                0x0000000000006ea6                tmp102_read_temp_x100
 .any.text.value
                0x0000000000006efe        0x6 contiki-z1.a(tmp102.o)
 .any.text.clock_time
                0x0000000000006f04       0x1a contiki-z1.a(clock.o)
                0x0000000000006f04                clock_time
 .any.text.clock_init
                0x0000000000006f1e       0x28 contiki-z1.a(clock.o)
                0x0000000000006f1e                clock_init
 .any.text.clock_delay
                0x0000000000006f46        0xc contiki-z1.a(clock.o)
                0x0000000000006f46                clock_delay
 .any.text.clock_wait
                0x0000000000006f52       0x24 contiki-z1.a(clock.o)
                0x0000000000006f52                clock_wait
 .any.text.clock_seconds
                0x0000000000006f76       0x1a contiki-z1.a(clock.o)
                0x0000000000006f76                clock_seconds
 .any.text.leds_arch_init
                0x0000000000006f90        0xe contiki-z1.a(leds-arch.o)
                0x0000000000006f90                leds_arch_init
 .any.text.leds_arch_set
                0x0000000000006f9e       0x38 contiki-z1.a(leds-arch.o)
                0x0000000000006f9e                leds_arch_set
 .any.text.rtimer_arch_init
                0x0000000000006fd6        0xe contiki-z1.a(rtimer-arch.o)
                0x0000000000006fd6                rtimer_arch_init
 .any.text.rtimer_arch_now
                0x0000000000006fe4        0xe contiki-z1.a(rtimer-arch.o)
                0x0000000000006fe4                rtimer_arch_now
 .any.text.rtimer_arch_schedule
                0x0000000000006ff2        0x6 contiki-z1.a(rtimer-arch.o)
                0x0000000000006ff2                rtimer_arch_schedule
 .any.text.process_thread_ctimer_process
                0x0000000000006ff8       0xa0 contiki-z1.a(ctimer.o)
 .any.text.ctimer_init
                0x0000000000007098       0x18 contiki-z1.a(ctimer.o)
                0x0000000000007098                ctimer_init
 .any.text.ctimer_set_with_process
                0x00000000000070b0       0x4a contiki-z1.a(ctimer.o)
                0x00000000000070b0                ctimer_set_with_process
 .any.text.ctimer_set
                0x00000000000070fa       0x10 contiki-z1.a(ctimer.o)
                0x00000000000070fa                ctimer_set
 .any.text.ctimer_reset
                0x000000000000710a       0x2c contiki-z1.a(ctimer.o)
                0x000000000000710a                ctimer_reset
 .any.text.ctimer_restart
                0x0000000000007136       0x2c contiki-z1.a(ctimer.o)
                0x0000000000007136                ctimer_restart
 .any.text.ctimer_stop
                0x0000000000007162       0x28 contiki-z1.a(ctimer.o)
                0x0000000000007162                ctimer_stop
 .any.text.autostart_start
                0x000000000000718a       0x16 contiki-z1.a(autostart.o)
                0x000000000000718a                autostart_start
 .any.text.energest_init
                0x00000000000071a0       0x24 contiki-z1.a(energest.o)
                0x00000000000071a0                energest_init
 .any.text.energest_type_time
                0x00000000000071c4       0x3c contiki-z1.a(energest.o)
                0x00000000000071c4                energest_type_time
 .any.text.energest_type_set
                0x0000000000007200        0xc contiki-z1.a(energest.o)
                0x0000000000007200                energest_type_set
 .any.text.energest_flush
                0x000000000000720c       0x38 contiki-z1.a(energest.o)
                0x000000000000720c                energest_flush
 .any.text.update_time
                0x0000000000007244       0x70 contiki-z1.a(etimer.o)
 .any.text.etimer_request_poll
                0x00000000000072b4        0xa contiki-z1.a(etimer.o)
                0x00000000000072b4                etimer_request_poll
 .any.text.process_thread_etimer_process
                0x00000000000072be       0xc4 contiki-z1.a(etimer.o)
 .any.text.add_timer
                0x0000000000007382       0x40 contiki-z1.a(etimer.o)
 .any.text.etimer_set
                0x00000000000073c2       0x12 contiki-z1.a(etimer.o)
                0x00000000000073c2                etimer_set
 .any.text.etimer_reset
                0x00000000000073d4       0x12 contiki-z1.a(etimer.o)
                0x00000000000073d4                etimer_reset
 .any.text.etimer_restart
                0x00000000000073e6       0x12 contiki-z1.a(etimer.o)
                0x00000000000073e6                etimer_restart
 .any.text.etimer_expired
                0x00000000000073f8        0xe contiki-z1.a(etimer.o)
                0x00000000000073f8                etimer_expired
 .any.text.etimer_expiration_time
                0x0000000000007406       0x14 contiki-z1.a(etimer.o)
                0x0000000000007406                etimer_expiration_time
 .any.text.etimer_pending
                0x000000000000741a        0xc contiki-z1.a(etimer.o)
                0x000000000000741a                etimer_pending
 .any.text.etimer_next_expiration_time
                0x0000000000007426       0x16 contiki-z1.a(etimer.o)
                0x0000000000007426                etimer_next_expiration_time
 .any.text.etimer_stop
                0x000000000000743c       0x3e contiki-z1.a(etimer.o)
                0x000000000000743c                etimer_stop
 .any.text.call_process
                0x000000000000747a       0x40 contiki-z1.a(process.o)
 .any.text.exit_process
                0x00000000000074ba       0x88 contiki-z1.a(process.o)
 .any.text.do_poll
                0x0000000000007542       0x30 contiki-z1.a(process.o)
 .any.text.process_alloc_event
                0x0000000000007572        0xe contiki-z1.a(process.o)
                0x0000000000007572                process_alloc_event
 .any.text.process_init
                0x0000000000007580       0x1c contiki-z1.a(process.o)
                0x0000000000007580                process_init
 .any.text.process_run
                0x000000000000759c       0x8c contiki-z1.a(process.o)
                0x000000000000759c                process_run
 .any.text.process_nevents
                0x0000000000007628        0xe contiki-z1.a(process.o)
                0x0000000000007628                process_nevents
 .any.text.process_post
                0x0000000000007636       0x4a contiki-z1.a(process.o)
                0x0000000000007636                process_post
 .any.text.process_post_synch
                0x0000000000007680       0x12 contiki-z1.a(process.o)
                0x0000000000007680                process_post_synch
 .any.text.process_start
                0x0000000000007692       0x36 contiki-z1.a(process.o)
                0x0000000000007692                process_start
 .any.text.process_poll
                0x00000000000076c8       0x18 contiki-z1.a(process.o)
                0x00000000000076c8                process_poll
 .any.text.rtimer_init
                0x00000000000076e0        0x6 contiki-z1.a(rtimer.o)
                0x00000000000076e0                rtimer_init
 .any.text.rtimer_run_next
                0x00000000000076e6       0x26 contiki-z1.a(rtimer.o)
                0x00000000000076e6                rtimer_run_next
 .any.text.timer_set
                0x000000000000770c       0x1c contiki-z1.a(timer.o)
                0x000000000000770c                timer_set
 .any.text.timer_reset
                0x0000000000007728        0xe contiki-z1.a(timer.o)
                0x0000000000007728                timer_reset
 .any.text.timer_restart
                0x0000000000007736       0x14 contiki-z1.a(timer.o)
                0x0000000000007736                timer_restart
 .any.text.timer_expired
                0x000000000000774a       0x2a contiki-z1.a(timer.o)
                0x000000000000774a                timer_expired
 .any.text.list_init
                0x0000000000007774        0x6 contiki-z1.a(list.o)
                0x0000000000007774                list_init
 .any.text.list_head
                0x000000000000777a        0x4 contiki-z1.a(list.o)
                0x000000000000777a                list_head
 .any.text.list_tail
                0x000000000000777e       0x12 contiki-z1.a(list.o)
                0x000000000000777e                list_tail
 .any.text.list_remove
                0x0000000000007790       0x34 contiki-z1.a(list.o)
                0x0000000000007790                list_remove
 .any.text.list_push
                0x00000000000077c4       0x16 contiki-z1.a(list.o)
                0x00000000000077c4                list_push
 .any.text.list_add
                0x00000000000077da       0x26 contiki-z1.a(list.o)
                0x00000000000077da                list_add
 .any.text.list_length
                0x0000000000007800       0x10 contiki-z1.a(list.o)
                0x0000000000007800                list_length
 .any.text.list_item_next
                0x0000000000007810        0xc contiki-z1.a(list.o)
                0x0000000000007810                list_item_next
 .any.text.random_init
                0x000000000000781c        0x6 contiki-z1.a(random.o)
                0x000000000000781c                random_init
 .any.text.random_rand
                0x0000000000007822        0x6 contiki-z1.a(random.o)
                0x0000000000007822                random_rand
 .any.text.echo_reply_input
                0x0000000000007828       0xaa contiki-z1.a(uip-icmp6.o)
 .any.text.echo_request_input
                0x00000000000078d2       0xce contiki-z1.a(uip-icmp6.o)
 .any.text.uip_icmp6_input
                0x00000000000079a0       0x44 contiki-z1.a(uip-icmp6.o)
                0x00000000000079a0                uip_icmp6_input
 .any.text.uip_icmp6_register_input_handler
                0x00000000000079e4        0xc contiki-z1.a(uip-icmp6.o)
                0x00000000000079e4                uip_icmp6_register_input_handler
 .any.text.uip_icmp6_error_output
                0x00000000000079f0      0x172 contiki-z1.a(uip-icmp6.o)
                0x00000000000079f0                uip_icmp6_error_output
 .any.text.uip_icmp6_send
                0x0000000000007b62       0x90 contiki-z1.a(uip-icmp6.o)
                0x0000000000007b62                uip_icmp6_send
 .any.text.uip_icmp6_init
                0x0000000000007bf2       0x12 contiki-z1.a(uip-icmp6.o)
                0x0000000000007bf2                uip_icmp6_init
 .any.text.uip_ds6_list_loop
                0x0000000000007c04       0x66 contiki-z1.a(uip-ds6.o)
                0x0000000000007c04                uip_ds6_list_loop
 .any.text.uip_ds6_prefix_add
                0x0000000000007c6a       0x70 contiki-z1.a(uip-ds6.o)
                0x0000000000007c6a                uip_ds6_prefix_add
 .any.text.uip_ds6_is_addr_onlink
                0x0000000000007cda       0x42 contiki-z1.a(uip-ds6.o)
                0x0000000000007cda                uip_ds6_is_addr_onlink
 .any.text.uip_ds6_addr_lookup
                0x0000000000007d1c       0x2a contiki-z1.a(uip-ds6.o)
                0x0000000000007d1c                uip_ds6_addr_lookup
 .any.text.uip_ds6_get_link_local
                0x0000000000007d46       0x3e contiki-z1.a(uip-ds6.o)
                0x0000000000007d46                uip_ds6_get_link_local
 .any.text.uip_ds6_maddr_add
                0x0000000000007d84       0x48 contiki-z1.a(uip-ds6.o)
                0x0000000000007d84                uip_ds6_maddr_add
 .any.text.uip_ds6_addr_add
                0x0000000000007dcc       0xb4 contiki-z1.a(uip-ds6.o)
                0x0000000000007dcc                uip_ds6_addr_add
 .any.text.uip_ds6_maddr_rm
                0x0000000000007e80        0xa contiki-z1.a(uip-ds6.o)
                0x0000000000007e80                uip_ds6_maddr_rm
 .any.text.uip_ds6_maddr_lookup
                0x0000000000007e8a       0x2a contiki-z1.a(uip-ds6.o)
                0x0000000000007e8a                uip_ds6_maddr_lookup
 .any.text.uip_ds6_addr_rm
                0x0000000000007eb4       0x54 contiki-z1.a(uip-ds6.o)
                0x0000000000007eb4                uip_ds6_addr_rm
 .any.text.uip_ds6_periodic
                0x0000000000007f08       0x46 contiki-z1.a(uip-ds6.o)
                0x0000000000007f08                uip_ds6_periodic
 .any.text.uip_ds6_set_addr_iid
                0x0000000000007f4e       0x14 contiki-z1.a(uip-ds6.o)
                0x0000000000007f4e                uip_ds6_set_addr_iid
 .any.text.get_match_length
                0x0000000000007f62       0x3c contiki-z1.a(uip-ds6.o)
                0x0000000000007f62                get_match_length
 .any.text.uip_ds6_select_src
                0x0000000000007f9e       0x9a contiki-z1.a(uip-ds6.o)
                0x0000000000007f9e                uip_ds6_select_src
 .any.text.uip_ds6_compute_reachable_time
                0x0000000000008038       0x36 contiki-z1.a(uip-ds6.o)
                0x0000000000008038                uip_ds6_compute_reachable_time
 .any.text.uip_ds6_init
                0x000000000000806e      0x138 contiki-z1.a(uip-ds6.o)
                0x000000000000806e                uip_ds6_init
 .any.text.call_route_callback
                0x00000000000081a6       0x40 contiki-z1.a(uip-ds6-route.o)
 .any.text.uip_ds6_route_init
                0x00000000000081e6       0x36 contiki-z1.a(uip-ds6-route.o)
                0x00000000000081e6                uip_ds6_route_init
 .any.text.uip_ds6_route_nexthop
                0x000000000000821c       0x1a contiki-z1.a(uip-ds6-route.o)
                0x000000000000821c                uip_ds6_route_nexthop
 .any.text.uip_ds6_route_head
                0x0000000000008236        0xa contiki-z1.a(uip-ds6-route.o)
                0x0000000000008236                uip_ds6_route_head
 .any.text.uip_ds6_route_next
                0x0000000000008240        0xe contiki-z1.a(uip-ds6-route.o)
                0x0000000000008240                uip_ds6_route_next
 .any.text.uip_ds6_route_is_nexthop
                0x000000000000824e       0x22 contiki-z1.a(uip-ds6-route.o)
                0x000000000000824e                uip_ds6_route_is_nexthop
 .any.text.uip_ds6_route_lookup
                0x0000000000008270       0x6e contiki-z1.a(uip-ds6-route.o)
                0x0000000000008270                uip_ds6_route_lookup
 .any.text.uip_ds6_route_rm
                0x00000000000082de       0xa2 contiki-z1.a(uip-ds6-route.o)
                0x00000000000082de                uip_ds6_route_rm
 .any.text.rm_routelist
                0x0000000000008380       0x34 contiki-z1.a(uip-ds6-route.o)
 .any.text.rm_routelist_callback
                0x00000000000083b4        0x6 contiki-z1.a(uip-ds6-route.o)
 .any.text.uip_ds6_route_add
                0x00000000000083ba       0xfc contiki-z1.a(uip-ds6-route.o)
                0x00000000000083ba                uip_ds6_route_add
 .any.text.uip_ds6_defrt_rm
                0x00000000000084b6       0x44 contiki-z1.a(uip-ds6-route.o)
                0x00000000000084b6                uip_ds6_defrt_rm
 .any.text.uip_ds6_defrt_lookup
                0x00000000000084fa       0x32 contiki-z1.a(uip-ds6-route.o)
                0x00000000000084fa                uip_ds6_defrt_lookup
 .any.text.uip_ds6_defrt_add
                0x000000000000852c       0x68 contiki-z1.a(uip-ds6-route.o)
                0x000000000000852c                uip_ds6_defrt_add
 .any.text.uip_ds6_defrt_choose
                0x0000000000008594       0x36 contiki-z1.a(uip-ds6-route.o)
                0x0000000000008594                uip_ds6_defrt_choose
 .any.text.uip_ds6_defrt_periodic
                0x00000000000085ca       0x38 contiki-z1.a(uip-ds6-route.o)
                0x00000000000085ca                uip_ds6_defrt_periodic
 .any.text.chksum
                0x0000000000008602       0x32 contiki-z1.a(uip6.o)
 .any.text.upper_layer_chksum
                0x0000000000008634       0x56 contiki-z1.a(uip6.o)
 .any.text.ext_hdr_options_process
                0x000000000000868a       0xc2 contiki-z1.a(uip6.o)
 .any.text.uip_add32
                0x000000000000874c       0x60 contiki-z1.a(uip6.o)
                0x000000000000874c                uip_add32
 .any.text.uip_add_rcv_nxt
                0x00000000000087ac       0x2e contiki-z1.a(uip6.o)
 .any.text.uip_icmp6chksum
                0x00000000000087da        0xa contiki-z1.a(uip6.o)
                0x00000000000087da                uip_icmp6chksum
 .any.text.uip_tcpchksum
                0x00000000000087e4        0xa contiki-z1.a(uip6.o)
                0x00000000000087e4                uip_tcpchksum
 .any.text.uip_udpchksum
                0x00000000000087ee        0xa contiki-z1.a(uip6.o)
                0x00000000000087ee                uip_udpchksum
 .any.text.uip_init
                0x00000000000087f8       0x56 contiki-z1.a(uip6.o)
                0x00000000000087f8                uip_init
 .any.text.remove_ext_hdr
                0x000000000000884e       0x50 contiki-z1.a(uip6.o)
                0x000000000000884e                remove_ext_hdr
 .any.text.uip_udp_new
                0x000000000000889e       0xa2 contiki-z1.a(uip6.o)
                0x000000000000889e                uip_udp_new
 .any.text.uip_unlisten
                0x0000000000008940       0x1a contiki-z1.a(uip6.o)
                0x0000000000008940                uip_unlisten
 .any.text.uip_process
                0x000000000000895a      0xe90 contiki-z1.a(uip6.o)
                0x000000000000895a                uip_process
 .any.text.uip_htonl
                0x00000000000097ea       0x2a contiki-z1.a(uip6.o)
                0x00000000000097ea                uip_htonl
 .any.text.uip_ds6_nbr_rm
                0x0000000000009814       0x30 contiki-z1.a(uip-ds6-nbr.o)
                0x0000000000009814                uip_ds6_nbr_rm
 .any.text.uip_ds6_neighbors_init
                0x0000000000009844       0x12 contiki-z1.a(uip-ds6-nbr.o)
                0x0000000000009844                uip_ds6_neighbors_init
 .any.text.uip_ds6_nbr_add
                0x0000000000009856       0x36 contiki-z1.a(uip-ds6-nbr.o)
                0x0000000000009856                uip_ds6_nbr_add
 .any.text.uip_ds6_nbr_get_ll
                0x000000000000988c        0xc contiki-z1.a(uip-ds6-nbr.o)
                0x000000000000988c                uip_ds6_nbr_get_ll
 .any.text.uip_ds6_nbr_lookup
                0x0000000000009898       0x3e contiki-z1.a(uip-ds6-nbr.o)
                0x0000000000009898                uip_ds6_nbr_lookup
 .any.text.uip_ds6_nbr_ll_lookup
                0x00000000000098d6        0xc contiki-z1.a(uip-ds6-nbr.o)
                0x00000000000098d6                uip_ds6_nbr_ll_lookup
 .any.text.uip_ds6_nbr_ipaddr_from_lladdr
                0x00000000000098e2        0x6 contiki-z1.a(uip-ds6-nbr.o)
                0x00000000000098e2                uip_ds6_nbr_ipaddr_from_lladdr
 .any.text.uip_ds6_nbr_lladdr_from_ipaddr
                0x00000000000098e8       0x12 contiki-z1.a(uip-ds6-nbr.o)
                0x00000000000098e8                uip_ds6_nbr_lladdr_from_ipaddr
 .any.text.uip_ds6_link_neighbor_callback
                0x00000000000098fa       0x32 contiki-z1.a(uip-ds6-nbr.o)
                0x00000000000098fa                uip_ds6_link_neighbor_callback
 .any.text.ns_input
                0x000000000000992c      0x26c contiki-z1.a(uip-nd6.o)
 .any.text.uip_nd6_init
                0x0000000000009b98        0xa contiki-z1.a(uip-nd6.o)
                0x0000000000009b98                uip_nd6_init
 .any.text.clear_fragments
                0x0000000000009ba2       0x38 contiki-z1.a(sicslowpan.o)
 .any.text.set_packet_attrs
                0x0000000000009bda       0x46 contiki-z1.a(sicslowpan.o)
 .any.text.addr_context_lookup_by_number
                0x0000000000009c20       0x30 contiki-z1.a(sicslowpan.o)
 .any.text.compress_addr_64
                0x0000000000009c50       0x9a contiki-z1.a(sicslowpan.o)
 .any.text.store_fragment
                0x0000000000009cea       0x6e contiki-z1.a(sicslowpan.o)
 .any.text.uncompress_addr
                0x0000000000009d58       0x96 contiki-z1.a(sicslowpan.o)
 .any.text.sicslowpan_init
                0x0000000000009dee       0x24 contiki-z1.a(sicslowpan.o)
                0x0000000000009dee                sicslowpan_init
 .any.text.addr_context_lookup_by_prefix
                0x0000000000009e12       0x4a contiki-z1.a(sicslowpan.o)
 .any.text.packet_sent
                0x0000000000009e5c       0x22 contiki-z1.a(sicslowpan.o)
 .any.text.add_fragment
                0x0000000000009e7e      0x160 contiki-z1.a(sicslowpan.o)
 .any.text.input
                0x0000000000009fde      0x60e contiki-z1.a(sicslowpan.o)
 .any.text.send_packet
                0x000000000000a5ec       0x1a contiki-z1.a(sicslowpan.o)
 .any.text.output
                0x000000000000a606      0x67c contiki-z1.a(sicslowpan.o)
 .any.text.uip_udp_packet_send
                0x000000000000ac82       0x2a contiki-z1.a(uip-udp-packet.)
                0x000000000000ac82                uip_udp_packet_send
 .any.text.uip_udp_packet_sendto
                0x000000000000acac       0x56 contiki-z1.a(uip-udp-packet.)
                0x000000000000acac                uip_udp_packet_sendto
 .any.text.start_periodic_tcp_timer
                0x000000000000ad02       0x16 contiki-z1.a(tcpip.o)
 .any.text.tcpip_output
                0x000000000000ad18       0x10 contiki-z1.a(tcpip.o)
                0x000000000000ad18                tcpip_output
 .any.text.tcpip_set_outputfunc
                0x000000000000ad28        0x6 contiki-z1.a(tcpip.o)
                0x000000000000ad28                tcpip_set_outputfunc
 .any.text.udp_new
                0x000000000000ad2e       0x1a contiki-z1.a(tcpip.o)
                0x000000000000ad2e                udp_new
 .any.text.tcpip_input
                0x000000000000ad48       0x16 contiki-z1.a(tcpip.o)
                0x000000000000ad48                tcpip_input
 .any.text.tcpip_ipv6_output
                0x000000000000ad5e       0xcc contiki-z1.a(tcpip.o)
                0x000000000000ad5e                tcpip_ipv6_output
 .any.text.process_thread_tcpip_process
                0x000000000000ae2a      0x1a8 contiki-z1.a(tcpip.o)
 .any.text.tcpip_uipcall
                0x000000000000afd2       0x62 contiki-z1.a(tcpip.o)
                0x000000000000afd2                tcpip_uipcall
 .any.text.uip_debug_ipaddr_print
                0x000000000000b034       0xbc contiki-z1.a(uip-debug.o)
                0x000000000000b034                uip_debug_ipaddr_print
 .any.text.handle_unicast_dio_timer
                0x000000000000b0f0       0x1c contiki-z1.a(rpl-timers.o)
 .any.text.new_dio_interval
                0x000000000000b10c       0x8a contiki-z1.a(rpl-timers.o)
 .any.text.set_dao_lifetime_timer
                0x000000000000b196       0x7e contiki-z1.a(rpl-timers.o)
 .any.text.handle_periodic_timer
                0x000000000000b214       0x50 contiki-z1.a(rpl-timers.o)
 .any.text.schedule_dao
                0x000000000000b264       0x72 contiki-z1.a(rpl-timers.o)
 .any.text.handle_dio_timer
                0x000000000000b2d6       0x88 contiki-z1.a(rpl-timers.o)
 .any.text.handle_dao_timer
                0x000000000000b35e       0x64 contiki-z1.a(rpl-timers.o)
 .any.text.rpl_reset_periodic_timer
                0x000000000000b3c2       0x54 contiki-z1.a(rpl-timers.o)
                0x000000000000b3c2                rpl_reset_periodic_timer
 .any.text.rpl_reset_dio_timer
                0x000000000000b416       0x18 contiki-z1.a(rpl-timers.o)
                0x000000000000b416                rpl_reset_dio_timer
 .any.text.rpl_schedule_dao
                0x000000000000b42e        0xc contiki-z1.a(rpl-timers.o)
                0x000000000000b42e                rpl_schedule_dao
 .any.text.rpl_schedule_unicast_dio_immediately
                0x000000000000b43a       0x16 contiki-z1.a(rpl-timers.o)
                0x000000000000b43a                rpl_schedule_unicast_dio_immediately
 .any.text.get_probing_delay
                0x000000000000b450       0x40 contiki-z1.a(rpl-timers.o)
                0x000000000000b450                get_probing_delay
 .any.text.get_probing_target
                0x000000000000b490       0xe2 contiki-z1.a(rpl-timers.o)
                0x000000000000b490                get_probing_target
 .any.text.rpl_schedule_probing
                0x000000000000b572       0x26 contiki-z1.a(rpl-timers.o)
                0x000000000000b572                rpl_schedule_probing
 .any.text.handle_probing_timer
                0x000000000000b598       0x34 contiki-z1.a(rpl-timers.o)
 .any.text.update_hbh_header
                0x000000000000b5cc       0xcc contiki-z1.a(rpl-ext-header.)
 .any.text.insert_hbh_header
                0x000000000000b698       0x94 contiki-z1.a(rpl-ext-header.)
 .any.text.rpl_verify_hbh_header
                0x000000000000b72c       0xf4 contiki-z1.a(rpl-ext-header.)
                0x000000000000b72c                rpl_verify_hbh_header
 .any.text.rpl_remove_header
                0x000000000000b820       0x76 contiki-z1.a(rpl-ext-header.)
                0x000000000000b820                rpl_remove_header
 .any.text.rpl_update_header
                0x000000000000b896       0x60 contiki-z1.a(rpl-ext-header.)
                0x000000000000b896                rpl_update_header
 .any.text.rpl_get_mode
                0x000000000000b8f6        0x6 contiki-z1.a(rpl.o)
                0x000000000000b8f6                rpl_get_mode
 .any.text.rpl_purge_routes
                0x000000000000b8fc       0x94 contiki-z1.a(rpl.o)
                0x000000000000b8fc                rpl_purge_routes
 .any.text.rpl_remove_routes
                0x000000000000b990       0x22 contiki-z1.a(rpl.o)
                0x000000000000b990                rpl_remove_routes
 .any.text.rpl_remove_routes_by_nexthop
                0x000000000000b9b2       0x3e contiki-z1.a(rpl.o)
                0x000000000000b9b2                rpl_remove_routes_by_nexthop
 .any.text.rpl_add_route
                0x000000000000b9f0       0x5c contiki-z1.a(rpl.o)
                0x000000000000b9f0                rpl_add_route
 .any.text.rpl_link_neighbor_callback
                0x000000000000ba4c       0x4c contiki-z1.a(rpl.o)
                0x000000000000ba4c                rpl_link_neighbor_callback
 .any.text.rpl_ipv6_neighbor_callback
                0x000000000000ba98       0x1e contiki-z1.a(rpl.o)
                0x000000000000ba98                rpl_ipv6_neighbor_callback
 .any.text.rpl_purge_dags
                0x000000000000bab6       0x60 contiki-z1.a(rpl.o)
                0x000000000000bab6                rpl_purge_dags
 .any.text.rpl_init
                0x000000000000bb16       0x44 contiki-z1.a(rpl.o)
                0x000000000000bb16                rpl_init
 .any.text.reset
                0x000000000000bb5a        0x2 contiki-z1.a(rpl-mrhof.o)
 .any.text.update_metric_container
                0x000000000000bb5c        0x6 contiki-z1.a(rpl-mrhof.o)
 .any.text.parent_link_metric
                0x000000000000bb62       0x10 contiki-z1.a(rpl-mrhof.o)
 .any.text.parent_has_usable_link
                0x000000000000bb72       0x14 contiki-z1.a(rpl-mrhof.o)
 .any.text.best_dag
                0x000000000000bb86       0x2e contiki-z1.a(rpl-mrhof.o)
 .any.text.parent_path_cost
                0x000000000000bbb4       0x40 contiki-z1.a(rpl-mrhof.o)
 .any.text.parent_is_acceptable
                0x000000000000bbf4       0x2a contiki-z1.a(rpl-mrhof.o)
 .any.text.rank_via_parent
                0x000000000000bc1e       0x4e contiki-z1.a(rpl-mrhof.o)
 .any.text.best_parent
                0x000000000000bc6c       0x76 contiki-z1.a(rpl-mrhof.o)
 .any.text.queuebuf_init
                0x000000000000bce2       0x12 contiki-z1.a(queuebuf.o)
                0x000000000000bce2                queuebuf_init
 .any.text.queuebuf_numfree
                0x000000000000bcf4        0xa contiki-z1.a(queuebuf.o)
                0x000000000000bcf4                queuebuf_numfree
 .any.text.queuebuf_new_from_packetbuf
                0x000000000000bcfe       0x4e contiki-z1.a(queuebuf.o)
                0x000000000000bcfe                queuebuf_new_from_packetbuf
 .any.text.queuebuf_update_attr_from_packetbuf
                0x000000000000bd4c       0x12 contiki-z1.a(queuebuf.o)
                0x000000000000bd4c                queuebuf_update_attr_from_packetbuf
 .any.text.queuebuf_free
                0x000000000000bd5e       0x2a contiki-z1.a(queuebuf.o)
                0x000000000000bd5e                queuebuf_free
 .any.text.queuebuf_to_packetbuf
                0x000000000000bd88       0x32 contiki-z1.a(queuebuf.o)
                0x000000000000bd88                queuebuf_to_packetbuf
 .any.text.queuebuf_attr
                0x000000000000bdba        0xe contiki-z1.a(queuebuf.o)
                0x000000000000bdba                queuebuf_attr
 .any.text.key_from_index
                0x000000000000bdc8       0x18 contiki-z1.a(nbr-table.o)
 .any.text.item_from_index
                0x000000000000bde0       0x2a contiki-z1.a(nbr-table.o)
 .any.text.index_from_key
                0x000000000000be0a       0x26 contiki-z1.a(nbr-table.o)
 .any.text.index_from_item
                0x000000000000be30       0x1e contiki-z1.a(nbr-table.o)
 .any.text.nbr_set_bit
                0x000000000000be4e       0x50 contiki-z1.a(nbr-table.o)
 .any.text.index_from_lladdr
                0x000000000000be9e       0x3e contiki-z1.a(nbr-table.o)
 .any.text.nbr_get_bit.constprop.0
                0x000000000000bedc       0x2c contiki-z1.a(nbr-table.o)
 .any.text.remove_key
                0x000000000000bf08       0x56 contiki-z1.a(nbr-table.o)
 .any.text.nbr_table_register
                0x000000000000bf5e       0x26 contiki-z1.a(nbr-table.o)
                0x000000000000bf5e                nbr_table_register
 .any.text.nbr_table_next
                0x000000000000bf84       0x3a contiki-z1.a(nbr-table.o)
                0x000000000000bf84                nbr_table_next
 .any.text.nbr_table_head
                0x000000000000bfbe       0x36 contiki-z1.a(nbr-table.o)
                0x000000000000bfbe                nbr_table_head
 .any.text.nbr_table_add_lladdr
                0x000000000000bff4       0xfc contiki-z1.a(nbr-table.o)
                0x000000000000bff4                nbr_table_add_lladdr
 .any.text.nbr_table_get_from_lladdr
                0x000000000000c0f0       0x28 contiki-z1.a(nbr-table.o)
                0x000000000000c0f0                nbr_table_get_from_lladdr
 .any.text.nbr_table_remove
                0x000000000000c118       0x2a contiki-z1.a(nbr-table.o)
                0x000000000000c118                nbr_table_remove
 .any.text.nbr_table_lock
                0x000000000000c142       0x10 contiki-z1.a(nbr-table.o)
                0x000000000000c142                nbr_table_lock
 .any.text.nbr_table_unlock
                0x000000000000c152       0x10 contiki-z1.a(nbr-table.o)
                0x000000000000c152                nbr_table_unlock
 .any.text.nbr_table_get_lladdr
                0x000000000000c162       0x14 contiki-z1.a(nbr-table.o)
                0x000000000000c162                nbr_table_get_lladdr
 .any.text.nbr_table_update_lladdr
                0x000000000000c176       0x48 contiki-z1.a(nbr-table.o)
                0x000000000000c176                nbr_table_update_lladdr
 .any.text.packetbuf_hdrreduce
                0x000000000000c1be       0x1a contiki-z1.a(packetbuf.o)
                0x000000000000c1be                packetbuf_hdrreduce
 .any.text.packetbuf_set_datalen
                0x000000000000c1d8        0x6 contiki-z1.a(packetbuf.o)
                0x000000000000c1d8                packetbuf_set_datalen
 .any.text.packetbuf_hdrptr
                0x000000000000c1de        0x6 contiki-z1.a(packetbuf.o)
                0x000000000000c1de                packetbuf_hdrptr
 .any.text.packetbuf_datalen
                0x000000000000c1e4        0x6 contiki-z1.a(packetbuf.o)
                0x000000000000c1e4                packetbuf_datalen
 .any.text.packetbuf_hdrlen
                0x000000000000c1ea        0xa contiki-z1.a(packetbuf.o)
                0x000000000000c1ea                packetbuf_hdrlen
 .any.text.packetbuf_dataptr
                0x000000000000c1f4        0xc contiki-z1.a(packetbuf.o)
                0x000000000000c1f4                packetbuf_dataptr
 .any.text.packetbuf_copyto
                0x000000000000c200       0x3a contiki-z1.a(packetbuf.o)
                0x000000000000c200                packetbuf_copyto
 .any.text.packetbuf_totlen
                0x000000000000c23a        0xc contiki-z1.a(packetbuf.o)
                0x000000000000c23a                packetbuf_totlen
 .any.text.packetbuf_hdralloc
                0x000000000000c246       0x3c contiki-z1.a(packetbuf.o)
                0x000000000000c246                packetbuf_hdralloc
 .any.text.packetbuf_attr_clear
                0x000000000000c282       0x28 contiki-z1.a(packetbuf.o)
                0x000000000000c282                packetbuf_attr_clear
 .any.text.packetbuf_clear
                0x000000000000c2aa       0x12 contiki-z1.a(packetbuf.o)
                0x000000000000c2aa                packetbuf_clear
 .any.text.packetbuf_copyfrom
                0x000000000000c2bc       0x2a contiki-z1.a(packetbuf.o)
                0x000000000000c2bc                packetbuf_copyfrom
 .any.text.packetbuf_attr_copyto
                0x000000000000c2e6       0x22 contiki-z1.a(packetbuf.o)
                0x000000000000c2e6                packetbuf_attr_copyto
 .any.text.packetbuf_attr_copyfrom
                0x000000000000c308       0x24 contiki-z1.a(packetbuf.o)
                0x000000000000c308                packetbuf_attr_copyfrom
 .any.text.packetbuf_holds_broadcast
                0x000000000000c32c        0xe contiki-z1.a(packetbuf.o)
                0x000000000000c32c                packetbuf_holds_broadcast
 .any.text.linkaddr_copy
                0x000000000000c33a        0x8 contiki-z1.a(linkaddr.o)
                0x000000000000c33a                linkaddr_copy
 .any.text.linkaddr_cmp
                0x000000000000c342       0x12 contiki-z1.a(linkaddr.o)
                0x000000000000c342                linkaddr_cmp
 .any.text.linkaddr_set_node_addr
                0x000000000000c354        0xc contiki-z1.a(linkaddr.o)
                0x000000000000c354                linkaddr_set_node_addr
 .any.text.periodic
                0x000000000000c360       0x2c contiki-z1.a(link-stats.o)
 .any.text.link_stats_from_lladdr
                0x000000000000c38c        0xc contiki-z1.a(link-stats.o)
                0x000000000000c38c                link_stats_from_lladdr
 .any.text.link_stats_is_fresh
                0x000000000000c398       0x32 contiki-z1.a(link-stats.o)
                0x000000000000c398                link_stats_is_fresh
 .any.text.link_stats_packet_sent
                0x000000000000c3ca       0xc4 contiki-z1.a(link-stats.o)
                0x000000000000c3ca                link_stats_packet_sent
 .any.text.link_stats_input_callback
                0x000000000000c48e       0xa8 contiki-z1.a(link-stats.o)
                0x000000000000c48e                link_stats_input_callback
 .any.text.link_stats_init
                0x000000000000c536       0x22 contiki-z1.a(link-stats.o)
                0x000000000000c536                link_stats_init
 .any.text.create_frame.isra.0
                0x000000000000c558      0x114 contiki-z1.a(framer-802154.o)
 .any.text.create
                0x000000000000c66c        0x8 contiki-z1.a(framer-802154.o)
 .any.text.hdr_length
                0x000000000000c674        0x8 contiki-z1.a(framer-802154.o)
 .any.text.parse
                0x000000000000c67c       0x9a contiki-z1.a(framer-802154.o)
 .any.text.input_packet
                0x000000000000c716        0x6 contiki-z1.a(csma.o)
 .any.text.on   0x000000000000c71c        0x6 contiki-z1.a(csma.o)
 .any.text.off  0x000000000000c722        0x6 contiki-z1.a(csma.o)
 .any.text.channel_check_interval
                0x000000000000c728       0x10 contiki-z1.a(csma.o)
 .any.text.transmit_packet_list
                0x000000000000c738       0x24 contiki-z1.a(csma.o)
 .any.text.schedule_transmission
                0x000000000000c75c       0x84 contiki-z1.a(csma.o)
 .any.text.init
                0x000000000000c7e0       0x1a contiki-z1.a(csma.o)
 .any.text.tx_done
                0x000000000000c7fa       0x86 contiki-z1.a(csma.o)
 .any.text.send_packet
                0x000000000000c880      0x158 contiki-z1.a(csma.o)
 .any.text.packet_sent
                0x000000000000c9d8       0xca contiki-z1.a(csma.o)
 .any.text.frame802154_get_pan_id
                0x000000000000caa2        0x6 contiki-z1.a(frame802154.o)
                0x000000000000caa2                frame802154_get_pan_id
 .any.text.frame802154_has_panid
                0x000000000000caa8       0xe0 contiki-z1.a(frame802154.o)
                0x000000000000caa8                frame802154_has_panid
 .any.text.field_len
                0x000000000000cb88       0xa8 contiki-z1.a(frame802154.o)
 .any.text.frame802154_is_broadcast_addr
                0x000000000000cc30       0x28 contiki-z1.a(frame802154.o)
                0x000000000000cc30                frame802154_is_broadcast_addr
 .any.text.frame802154_hdrlen
                0x000000000000cc58       0x32 contiki-z1.a(frame802154.o)
                0x000000000000cc58                frame802154_hdrlen
 .any.text.frame802154_create_fcf
                0x000000000000cc8a       0x6e contiki-z1.a(frame802154.o)
                0x000000000000cc8a                frame802154_create_fcf
 .any.text.frame802154_create
                0x000000000000ccf8       0xd4 contiki-z1.a(frame802154.o)
                0x000000000000ccf8                frame802154_create
 .any.text.frame802154_parse_fcf
                0x000000000000cdcc       0x8c contiki-z1.a(frame802154.o)
                0x000000000000cdcc                frame802154_parse_fcf
 .any.text.frame802154_parse
                0x000000000000ce58      0x15c contiki-z1.a(frame802154.o)
                0x000000000000ce58                frame802154_parse
 .any.text.mac_call_sent_callback
                0x000000000000cfb4       0x14 contiki-z1.a(mac.o)
                0x000000000000cfb4                mac_call_sent_callback
 .any.text.on   0x000000000000cfc8        0x6 contiki-z1.a(nullrdc.o)
 .any.text.channel_check_interval
                0x000000000000cfce        0x4 contiki-z1.a(nullrdc.o)
 .any.text.init
                0x000000000000cfd2        0x6 contiki-z1.a(nullrdc.o)
 .any.text.off  0x000000000000cfd8       0x10 contiki-z1.a(nullrdc.o)
 .any.text.packet_input
                0x000000000000cfe8       0x40 contiki-z1.a(nullrdc.o)
 .any.text.send_one_packet
                0x000000000000d028      0x114 contiki-z1.a(nullrdc.o)
 .any.text.send_list
                0x000000000000d13c       0x28 contiki-z1.a(nullrdc.o)
 .any.text.send_packet
                0x000000000000d164        0x6 contiki-z1.a(nullrdc.o)
 .any.text.init
                0x000000000000d16a        0x2 contiki-z1.a(nullsec.o)
 .any.text.send
                0x000000000000d16c        0xa contiki-z1.a(nullsec.o)
 .any.text.input
                0x000000000000d176        0x6 contiki-z1.a(nullsec.o)
 .any.text.i2c_receiveinit
                0x000000000000d17c       0x36 contiki-z1.a(i2cmaster.o)
                0x000000000000d17c                i2c_receiveinit
 .any.text.i2c_transmitinit
                0x000000000000d1b2       0x30 contiki-z1.a(i2cmaster.o)
                0x000000000000d1b2                i2c_transmitinit
 .any.text.i2c_receive_n
                0x000000000000d1e2       0x3e contiki-z1.a(i2cmaster.o)
                0x000000000000d1e2                i2c_receive_n
 .any.text.i2c_busy
                0x000000000000d220        0xa contiki-z1.a(i2cmaster.o)
                0x000000000000d220                i2c_busy
 .any.text.i2c_enable
                0x000000000000d22a       0x22 contiki-z1.a(i2cmaster.o)
                0x000000000000d22a                i2c_enable
 .any.text.i2c_transmit_n
                0x000000000000d24c       0x14 contiki-z1.a(i2cmaster.o)
                0x000000000000d24c                i2c_transmit_n
 .any.text.stimer_set
                0x000000000000d260       0x1c contiki-z1.a(stimer.o)
                0x000000000000d260                stimer_set
 .any.text.stimer_expired
                0x000000000000d27c       0x30 contiki-z1.a(stimer.o)
                0x000000000000d27c                stimer_expired
 .any.text.memb_init
                0x000000000000d2ac       0x36 contiki-z1.a(memb.o)
                0x000000000000d2ac                memb_init
 .any.text.memb_alloc
                0x000000000000d2e2       0x3e contiki-z1.a(memb.o)
                0x000000000000d2e2                memb_alloc
 .any.text.memb_free
                0x000000000000d320       0x3a contiki-z1.a(memb.o)
                0x000000000000d320                memb_free
 .any.text.memb_inmemb
                0x000000000000d35a       0x2a contiki-z1.a(memb.o)
                0x000000000000d35a                memb_inmemb
 .any.text.memb_numfree
                0x000000000000d384       0x26 contiki-z1.a(memb.o)
                0x000000000000d384                memb_numfree
 .any.text.update_nbr
                0x000000000000d3aa       0xda contiki-z1.a(rpl-nbr-policy.)
 .any.text.handle_periodic_timer
                0x000000000000d484        0xe contiki-z1.a(rpl-nbr-policy.)
 .any.text.find_removable_dis
                0x000000000000d492       0x14 contiki-z1.a(rpl-nbr-policy.)
                0x000000000000d492                find_removable_dis
 .any.text.find_removable_dio
                0x000000000000d4a6       0x3c contiki-z1.a(rpl-nbr-policy.)
                0x000000000000d4a6                find_removable_dio
 .any.text.find_removable_dao
                0x000000000000d4e2       0x32 contiki-z1.a(rpl-nbr-policy.)
                0x000000000000d4e2                find_removable_dao
 .any.text.rpl_nbr_policy_find_removable
                0x000000000000d514       0x30 contiki-z1.a(rpl-nbr-policy.)
                0x000000000000d514                rpl_nbr_policy_find_removable
 .any.text.mac_sequence_is_duplicate
                0x000000000000d544       0x60 contiki-z1.a(mac-sequence.o)
                0x000000000000d544                mac_sequence_is_duplicate
 .any.text.mac_sequence_register_seqno
                0x000000000000d5a4       0x76 contiki-z1.a(mac-sequence.o)
                0x000000000000d5a4                mac_sequence_register_seqno
 .any.text.printf
                0x000000000000d61a       0x10 /opt/msp430-47-expr/bin/../lib/gcc/msp430/4.7.0/../../../../msp430/lib/mcpu-430x/mmpy-16/msr20/mc20/libc.a(printf.o)
                0x000000000000d61a                printf
 .any.text.append
                0x000000000000d62a       0x22 /opt/msp430-47-expr/bin/../lib/gcc/msp430/4.7.0/../../../../msp430/lib/mcpu-430x/mmpy-16/msr20/mc20/libc.a(sprintf.o)
 .any.text.call_vuprintf
                0x000000000000d64c       0x36 /opt/msp430-47-expr/bin/../lib/gcc/msp430/4.7.0/../../../../msp430/lib/mcpu-430x/mmpy-16/msr20/mc20/libc.a(sprintf.o)
 .any.text.sprintf
                0x000000000000d682       0x1a /opt/msp430-47-expr/bin/../lib/gcc/msp430/4.7.0/../../../../msp430/lib/mcpu-430x/mmpy-16/msr20/mc20/libc.a(sprintf.o)
                0x000000000000d682                sprintf
 .any.text.print_field
                0x000000000000d69c      0x176 /opt/msp430-47-expr/bin/../lib/gcc/msp430/4.7.0/../../../../msp430/lib/mcpu-430x/mmpy-16/msr20/mc20/libc.a(vuprintf.o)
 .any.text.vuprintf
                0x000000000000d812      0x74c /opt/msp430-47-expr/bin/../lib/gcc/msp430/4.7.0/../../../../msp430/lib/mcpu-430x/mmpy-16/msr20/mc20/libc.a(vuprintf.o)
                0x000000000000d812                vuprintf
 .any.text.puts
                0x000000000000df5e       0x2c /opt/msp430-47-expr/bin/../lib/gcc/msp430/4.7.0/../../../../msp430/lib/mcpu-430x/mmpy-16/msr20/mc20/libc.a(puts.o)
                0x000000000000df5e                puts
 .any.text.rand
                0x000000000000df8a       0x26 /opt/msp430-47-expr/bin/../lib/gcc/msp430/4.7.0/../../../../msp430/lib/mcpu-430x/mmpy-16/msr20/mc20/libc.a(rand.o)
                0x000000000000df8a                rand
 .any.text.srand
                0x000000000000dfb0        0xa /opt/msp430-47-expr/bin/../lib/gcc/msp430/4.7.0/../../../../msp430/lib/mcpu-430x/mmpy-16/msr20/mc20/libc.a(rand.o)
                0x000000000000dfb0                srand
 .any.text.memcmp
                0x000000000000dfba       0x2c /opt/msp430-47-expr/bin/../lib/gcc/msp430/4.7.0/../../../../msp430/lib/mcpu-430x/mmpy-16/msr20/mc20/libc.a(memcmp.o)
                0x000000000000dfba                memcmp
 .any.text.strcpy
                0x000000000000dfe6       0x14 /opt/msp430-47-expr/bin/../lib/gcc/msp430/4.7.0/../../../../msp430/lib/mcpu-430x/mmpy-16/msr20/mc20/libc.a(strcpy.o)
                0x000000000000dfe6                strcpy
 .any.text.memcpy
                0x000000000000dffa       0xe8 /opt/msp430-47-expr/bin/../lib/gcc/msp430/4.7.0/../../../../msp430/lib/mcpu-430x/mmpy-16/msr20/mc20/libc.a(memcpy.o)
                0x000000000000dffa                memcpy
 .any.text.memmove
                0x000000000000e0e2       0xe8 /opt/msp430-47-expr/bin/../lib/gcc/msp430/4.7.0/../../../../msp430/lib/mcpu-430x/mmpy-16/msr20/mc20/libc.a(memmove.o)
                0x000000000000e0e2                memmove
 .any.text.memset
                0x000000000000e1ca       0x5c /opt/msp430-47-expr/bin/../lib/gcc/msp430/4.7.0/../../../../msp430/lib/mcpu-430x/mmpy-16/msr20/mc20/libc.a(memset.o)
                0x000000000000e1ca                memset
 .any.text.strcat
                0x000000000000e226       0x1a /opt/msp430-47-expr/bin/../lib/gcc/msp430/4.7.0/../../../../msp430/lib/mcpu-430x/mmpy-16/msr20/mc20/libc.a(strcat.o)
                0x000000000000e226                strcat

.rodata         0x000000000000e240      0x817
                0x000000000000e240                . = ALIGN (0x2)
 *(.rodata .rodata.* .gnu.linkonce.r.*)
 .rodata.process_thread_malicious_node_actions
                0x000000000000e240       0x2f 20200920-updated-malicious-client.co
 .rodata.send_packet
                0x000000000000e26f       0x10 20200920-updated-malicious-client.co
 .rodata.send_msg_to_sink
                0x000000000000e27f       0x4a 20200920-updated-malicious-client.co
 .rodata.dio_output
                0x000000000000e2c9       0x33 20200920-updated-malicious-client.co
 .rodata.sendICMPStats
                0x000000000000e2fc        0xb 20200920-updated-malicious-client.co
 .rodata.process_thread_udp_client_process
                0x000000000000e307      0x34e 20200920-updated-malicious-client.co
 *fill*         0x000000000000e655        0x1 00
 .rodata.autostart_processes
                0x000000000000e656        0x6 20200920-updated-malicious-client.co
                0x000000000000e656                autostart_processes
 .rodata        0x000000000000e65c       0x2a 20200920-updated-malicious-client.co
 .rodata        0x000000000000e686      0x10e obj_z1/contiki-z1-main.o
 .rodata.get_value
                0x000000000000e794       0x44 contiki-z1.a(cc2420.o)
 .rodata.set_value
                0x000000000000e7d8       0x20 contiki-z1.a(cc2420.o)
 .rodata.cc2420_driver
                0x000000000000e7f8       0x38 contiki-z1.a(cc2420.o)
                0x000000000000e7f8                cc2420_driver
 .rodata        0x000000000000e830        0xe contiki-z1.a(cc2420.o)
 .rodata.output_power
                0x000000000000e83e       0x10 contiki-z1.a(cc2420.o)
 .rodata        0x000000000000e84e        0x8 contiki-z1.a(sensors.o)
 .rodata        0x000000000000e856        0x7 contiki-z1.a(button-sensor.o)
 *fill*         0x000000000000e85d        0x1 00
 .rodata.button_sensor
                0x000000000000e85e        0xe contiki-z1.a(button-sensor.o)
                0x000000000000e85e                button_sensor
 .rodata        0x000000000000e86c       0x25 contiki-z1.a(adxl345.o)
 *fill*         0x000000000000e891        0x1 00
 .rodata.adxl345
                0x000000000000e892        0xe contiki-z1.a(adxl345.o)
                0x000000000000e892                adxl345
 .rodata        0x000000000000e8a0        0xe contiki-z1.a(tmp102.o)
 .rodata.tmp102
                0x000000000000e8ae        0xe contiki-z1.a(tmp102.o)
                0x000000000000e8ae                tmp102
 .rodata        0x000000000000e8bc        0xf contiki-z1.a(ctimer.o)
 .rodata        0x000000000000e8cb        0xc contiki-z1.a(etimer.o)
 *fill*         0x000000000000e8d7        0x1 00
 .rodata.uip_process
                0x000000000000e8d8       0x8c contiki-z1.a(uip6.o)
 .rodata.uip_ds6_nbr_rm
                0x000000000000e964       0x1d contiki-z1.a(uip-ds6-nbr.o)
 .rodata        0x000000000000e981        0xb contiki-z1.a(sicslowpan.o)
 .rodata.sicslowpan_driver
                0x000000000000e98c        0xa contiki-z1.a(sicslowpan.o)
                0x000000000000e98c                sicslowpan_driver
 .rodata.llprefix